[
  {
    "date": "2015-01-01",
    "description": "Nyårsdagen",
    "locale": "sv-SE",
    "notes": "",
    "region": "",
    "type": "NF"
  },
  {
    "date": "2015-01-06",
    "description": "Trettondedag jul",
    "locale": "sv-SE",
    "notes": "",
    "region": "",
    "type": "NRF"
  },
  {
    "date": "2015-04-03",
    "description": "Långfredagen",
    "locale": "sv-SE",
    "notes": "",
    "region": "",
    "type": "NRV"
  },
  {
    "date": "2015-04-05",
    "description": "Påskdagen",
    "locale": "sv-SE",
    "notes": "",
    "region": "",
    "type": "NRV"
  },
  {
    "date": "2015-04-06",
    "description": "Annandag påsk",
    "locale": "sv-SE",
    "notes": "",
    "region": "",
    "type": "NRV"
  },
  {
    "date": "2015-05-01",
    "description": "Första maj",
    "locale": "sv-SE",
    "notes": "",
    "region": "",
    "type": "NF"
  },
  {
    "date": "2015-05-14",
    "description": "Kristi himmelsfärdsdag",
    "locale": "sv-SE",
    "notes": "",
    "region": "",
    "type": "NRV"
  },
  {
    "date": "2015-05-24",
    "description": "Pingstdagen",
    "locale": "sv-SE",
    "notes": "",
    "region": "",
    "type": "NRV"
  },
  {
    "date": "2015-06-06",
    "description": "Nationaldagen",
    "locale": "sv-SE",
    "notes": "",
    "region": "",
    "type": "NF"
  },
  {
    "date": "2015-06-19",
    "description": "Midsommarafton",
    "locale": "sv-SE",
    "notes": "",
    "region": "",
    "type": "NV"
  },
  {
    "date": "2015-06-20",
    "description": "Midsommardagen",
    "locale": "sv-SE",
    "notes": "",
    "region": "",
    "type": "NV"
  },
  {
    "date": "2015-10-31",
    "description": "Alla helgons dag",
    "locale": "sv-SE",
    "notes": "",
    "region": "",
    "type": "NRV"
  },
  {
    "date": "2015-12-24",
    "description": "Julafton",
    "locale": "sv-SE",
    "notes": "",
    "region": "",
    "type": "NRF"
  },
  {
    "date": "2015-12-25",
    "description": "Juldagen",
    "locale": "sv-SE",
    "notes": "",
    "region": "",
    "type": "NRF"
  },
  {
    "date": "2015-12-26",
    "description": "Annandag jul",
    "locale": "sv-SE",
    "notes": "",
    "region": "",
    "type": "NRF"
  },
  {
    "date": "2015-12-31",
    "description": "Nyårsafton",
    "locale": "sv-SE",
    "notes": "",
    "region": "",
    "type": "NF"
  }
]
