[
  {
    "date": "2024-01-01",
    "description": "Capodanno",
    "locale": "it-IT",
    "notes": "",
    "region": "",
    "type": "NF"
  },
  {
    "date": "2024-01-06",
    "description": "Epifania",
    "locale": "it-IT",
    "notes": "",
    "region": "",
    "type": "NRF"
  },
  {
    "date": "2024-03-31",
    "description": "Pasqua",
    "locale": "it-IT",
    "notes": "",
    "region": "",
    "type": "NRV"
  },
  {
    "date": "2024-04-01",
    "description": "Pasquetta",
    "locale": "it-IT",
    "notes": "",
    "region": "",
    "type": "NRV"
  },
  {
    "date": "2024-04-25",
    "description": "Festa della liberazione",
    "locale": "it-IT",
    "notes": "",
    "region": "",
    "type": "NF"
  },
  {
    "date": "2024-05-01",
    "description": "Festa del lavoro",
    "locale": "it-IT",
    "notes": "",
    "region": "",
    "type": "NF"
  },
  {
    "date": "2024-06-02",
    "description": "Festa della repubblica",
    "locale": "it-IT",
    "notes": "",
    "region": "",
    "type": "NF"
  },
  {
    "date": "2024-08-15",
    "description": "Assunzione (ferragosto)",
    "locale": "it-IT",
    "notes": "",
    "region": "",
    "type": "NRF"
  },
  {
    "date": "2024-11-01",
    "description": "Ognissanti",
    "locale": "it-IT",
    "notes": "",
    "region": "",
    "type": "NRF"
  },
  {
    "date": "2024-12-08",
    "description": "Immacolata concezione",
    "locale": "it-IT",
    "notes": "",
    "region": "",
    "type": "NRF"
  },
  {
    "date": "2024-12-25",
    "description": "Natale",
    "locale": "it-IT",
    "notes": "",
    "region": "",
    "type": "NRF"
  },
  {
    "date": "2024-12-26",
    "description": "S.to Stefano",
    "locale": "it-IT",
    "notes": "",
    "region": "",
    "type": "NRF"
  }
]
