[
  {
    "date": "2018-01-01",
    "description": "Año Neuvo",
    "locale": "es-US",
    "notes": "",
    "region": "",
    "type": "NF"
  },
  {
    "date": "2018-01-15",
    "description": "Cumpleaños de Martin Luther King, Jr.",
    "locale": "es-US",
    "notes": "",
    "region": "",
    "type": "NV"
  },
  {
    "date": "2018-02-19",
    "description": "Día del Presidente",
    "locale": "es-US",
    "notes": "",
    "region": "",
    "type": "NV"
  },
  {
    "date": "2018-04-16",
    "description": "Día del Patriota",
    "locale": "es-US",
    "notes": "",
    "region": "MA",
    "type": "V"
  },
  {
    "date": "2018-04-16",
    "description": "Día del Patriota",
    "locale": "es-US",
    "notes": "",
    "region": "ME",
    "type": "V"
  },
  {
    "date": "2018-05-28",
    "description": "Día de los Caídos",
    "locale": "es-US",
    "notes": "",
    "region": "",
    "type": "NV"
  },
  {
    "date": "2018-07-04",
    "description": "Día de la Independiencia",
    "locale": "es-US",
    "notes": "",
    "region": "",
    "type": "NF"
  },
  {
    "date": "2018-09-03",
    "description": "Día del Trabajo",
    "locale": "es-US",
    "notes": "",
    "region": "",
    "type": "NV"
  },
  {
    "date": "2018-10-08",
    "description": "Día de Columbus",
    "locale": "es-US",
    "notes": "",
    "region": "",
    "type": "NV"
  },
  {
    "date": "2018-11-11",
    "description": "Día de los Veteranos",
    "locale": "es-US",
    "notes": "",
    "region": "",
    "type": "NF"
  },
  {
    "date": "2018-11-22",
    "description": "Día de Acción de Gracias",
    "locale": "es-US",
    "notes": "",
    "region": "",
    "type": "NV"
  },
  {
    "date": "2018-11-23",
    "description": "Día después de Acción de Gracias",
    "locale": "es-US",
    "notes": "",
    "region": "",
    "type": "NV"
  },
  {
    "date": "2018-12-24",
    "description": "Nochebuena",
    "locale": "es-US",
    "notes": "",
    "region": "",
    "type": "NRF"
  },
  {
    "date": "2018-12-25",
    "description": "Navidad",
    "locale": "es-US",
    "notes": "",
    "region": "",
    "type": "NRF"
  }
]
