[
  {
    "date": "2023-01-01",
    "description": "Nyårsdagen",
    "locale": "sv-SE",
    "notes": "",
    "region": "",
    "type": "NF"
  },
  {
    "date": "2023-01-06",
    "description": "Trettondedag jul",
    "locale": "sv-SE",
    "notes": "",
    "region": "",
    "type": "NRF"
  },
  {
    "date": "2023-04-07",
    "description": "Långfredagen",
    "locale": "sv-SE",
    "notes": "",
    "region": "",
    "type": "NRV"
  },
  {
    "date": "2023-04-09",
    "description": "Påskdagen",
    "locale": "sv-SE",
    "notes": "",
    "region": "",
    "type": "NRV"
  },
  {
    "date": "2023-04-10",
    "description": "Annandag påsk",
    "locale": "sv-SE",
    "notes": "",
    "region": "",
    "type": "NRV"
  },
  {
    "date": "2023-05-01",
    "description": "Första maj",
    "locale": "sv-SE",
    "notes": "",
    "region": "",
    "type": "NF"
  },
  {
    "date": "2023-05-18",
    "description": "Kristi himmelsfärdsdag",
    "locale": "sv-SE",
    "notes": "",
    "region": "",
    "type": "NRV"
  },
  {
    "date": "2023-05-28",
    "description": "Pingstdagen",
    "locale": "sv-SE",
    "notes": "",
    "region": "",
    "type": "NRV"
  },
  {
    "date": "2023-06-06",
    "description": "Nationaldagen",
    "locale": "sv-SE",
    "notes": "",
    "region": "",
    "type": "NF"
  },
  {
    "date": "2023-06-23",
    "description": "Midsommarafton",
    "locale": "sv-SE",
    "notes": "",
    "region": "",
    "type": "NV"
  },
  {
    "date": "2023-06-24",
    "description": "Midsommardagen",
    "locale": "sv-SE",
    "notes": "",
    "region": "",
    "type": "NV"
  },
  {
    "date": "2023-11-04",
    "description": "Alla helgons dag",
    "locale": "sv-SE",
    "notes": "",
    "region": "",
    "type": "NRV"
  },
  {
    "date": "2023-12-24",
    "description": "Julafton",
    "locale": "sv-SE",
    "notes": "",
    "region": "",
    "type": "NRF"
  },
  {
    "date": "2023-12-25",
    "description": "Juldagen",
    "locale": "sv-SE",
    "notes": "",
    "region": "",
    "type": "NRF"
  },
  {
    "date": "2023-12-26",
    "description": "Annandag jul",
    "locale": "sv-SE",
    "notes": "",
    "region": "",
    "type": "NRF"
  },
  {
    "date": "2023-12-31",
    "description": "Nyårsafton",
    "locale": "sv-SE",
    "notes": "",
    "region": "",
    "type": "NF"
  }
]
