[
  {
    "date": "2012-01-01",
    "description": "New Year's Day",
    "locale": "en-NZ",
    "notes": "",
    "region": "",
    "type": "NF"
  },
  {
    "date": "2012-01-02",
    "description": "New Year's Day (observed)",
    "locale": "en-NZ",
    "notes": "",
    "region": "",
    "type": "NV"
  },
  {
    "date": "2012-01-03",
    "description": "Day after New Year's Day",
    "locale": "en-NZ",
    "notes": "",
    "region": "",
    "type": "NV"
  },
  {
    "date": "2012-02-06",
    "description": "Waitangi Day",
    "locale": "en-NZ",
    "notes": "",
    "region": "",
    "type": "NF"
  },
  {
    "date": "2012-04-06",
    "description": "Good Friday",
    "locale": "en-NZ",
    "notes": "",
    "region": "",
    "type": "NRV"
  },
  {
    "date": "2012-04-09",
    "description": "Easter Monday",
    "locale": "en-NZ",
    "notes": "",
    "region": "",
    "type": "NRV"
  },
  {
    "date": "2012-04-25",
    "description": "ANZAC Day",
    "locale": "en-NZ",
    "notes": "",
    "region": "",
    "type": "NF"
  },
  {
    "date": "2012-06-04",
    "description": "Queen's Birthday",
    "locale": "en-NZ",
    "notes": "",
    "region": "",
    "type": "NV"
  },
  {
    "date": "2012-10-22",
    "description": "Labour Day",
    "locale": "en-NZ",
    "notes": "",
    "region": "",
    "type": "NV"
  },
  {
    "date": "2012-12-25",
    "description": "Christmas Day",
    "locale": "en-NZ",
    "notes": "",
    "region": "",
    "type": "NRF"
  },
  {
    "date": "2012-12-26",
    "description": "Boxing Day",
    "locale": "en-NZ",
    "notes": "",
    "region": "",
    "type": "NF"
  }
]
