[
  {
    "date": "2012-01-01",
    "description": "Nyårsdagen",
    "locale": "sv-FI",
    "notes": "",
    "region": "",
    "type": "NF"
  },
  {
    "date": "2012-01-06",
    "description": "Trettondedagen",
    "locale": "sv-FI",
    "notes": "",
    "region": "",
    "type": "NRF"
  },
  {
    "date": "2012-04-06",
    "description": "Långfredagen",
    "locale": "sv-FI",
    "notes": "",
    "region": "",
    "type": "NRV"
  },
  {
    "date": "2012-04-08",
    "description": "Påskdagen",
    "locale": "sv-FI",
    "notes": "",
    "region": "",
    "type": "NRV"
  },
  {
    "date": "2012-04-09",
    "description": "Annandag påsk",
    "locale": "sv-FI",
    "notes": "",
    "region": "",
    "type": "NRV"
  },
  {
    "date": "2012-05-01",
    "description": "Första maj",
    "locale": "sv-FI",
    "notes": "",
    "region": "",
    "type": "NF"
  },
  {
    "date": "2012-05-17",
    "description": "Kristi himmelfärdsdag",
    "locale": "sv-FI",
    "notes": "",
    "region": "",
    "type": "NRV"
  },
  {
    "date": "2012-05-27",
    "description": "Pingst",
    "locale": "sv-FI",
    "notes": "",
    "region": "",
    "type": "NRV"
  },
  {
    "date": "2012-06-23",
    "description": "Midsommardagen",
    "locale": "sv-FI",
    "notes": "",
    "region": "",
    "type": "NRV"
  },
  {
    "date": "2012-11-03",
    "description": "Alla helgons dag",
    "locale": "sv-FI",
    "notes": "",
    "region": "",
    "type": "NRV"
  },
  {
    "date": "2012-12-06",
    "description": "Självständighetsdagen",
    "locale": "sv-FI",
    "notes": "",
    "region": "",
    "type": "NF"
  },
  {
    "date": "2012-12-25",
    "description": "Juldagen",
    "locale": "sv-FI",
    "notes": "",
    "region": "",
    "type": "NRF"
  },
  {
    "date": "2012-12-26",
    "description": "Annandag jul",
    "locale": "sv-FI",
    "notes": "",
    "region": "",
    "type": "NRF"
  }
]
