[
  {
    "date": "2018-01-01",
    "description": "Nieuwjaar",
    "locale": "nl-BE",
    "notes": "",
    "region": "",
    "type": "NF"
  },
  {
    "date": "2018-04-01",
    "description": "Pasen",
    "locale": "nl-BE",
    "notes": "",
    "region": "",
    "type": "NRV"
  },
  {
    "date": "2018-04-02",
    "description": "Paasmaandag",
    "locale": "nl-BE",
    "notes": "",
    "region": "",
    "type": "NRV"
  },
  {
    "date": "2018-05-01",
    "description": "Dag van de arbeid",
    "locale": "nl-BE",
    "notes": "",
    "region": "",
    "type": "NF"
  },
  {
    "date": "2018-05-10",
    "description": "Onze Lieve Heer hemelvaart",
    "locale": "nl-BE",
    "notes": "",
    "region": "",
    "type": "NRV"
  },
  {
    "date": "2018-05-20",
    "description": "Pinksteren",
    "locale": "nl-BE",
    "notes": "",
    "region": "",
    "type": "NRV"
  },
  {
    "date": "2018-05-21",
    "description": "Pinkstermaandag",
    "locale": "nl-BE",
    "notes": "",
    "region": "",
    "type": "NRV"
  },
  {
    "date": "2018-07-21",
    "description": "Nationale feestdag",
    "locale": "nl-BE",
    "notes": "",
    "region": "",
    "type": "NF"
  },
  {
    "date": "2018-08-15",
    "description": "Onze Lieve Vrouw hemelvaart",
    "locale": "nl-BE",
    "notes": "",
    "region": "",
    "type": "NRF"
  },
  {
    "date": "2018-11-01",
    "description": "Allerheiligen",
    "locale": "nl-BE",
    "notes": "",
    "region": "",
    "type": "NRF"
  },
  {
    "date": "2018-11-11",
    "description": "Wapenstilstand",
    "locale": "nl-BE",
    "notes": "",
    "region": "",
    "type": "NF"
  },
  {
    "date": "2018-12-25",
    "description": "Kerstmis",
    "locale": "nl-BE",
    "notes": "",
    "region": "",
    "type": "NRF"
  }
]
