[
  {
    "date": "2014-01-01",
    "description": "New Year's Day",
    "locale": "en-US",
    "notes": "",
    "region": "",
    "type": "NF"
  },
  {
    "date": "2014-01-20",
    "description": "Birthday of Martin Luther King, Jr.",
    "locale": "en-US",
    "notes": "",
    "region": "",
    "type": "NV"
  },
  {
    "date": "2014-02-17",
    "description": "Washington's Birthday",
    "locale": "en-US",
    "notes": "",
    "region": "",
    "type": "NV"
  },
  {
    "date": "2014-04-21",
    "description": "Patriots' Day",
    "locale": "en-US",
    "notes": "",
    "region": "MA",
    "type": "V"
  },
  {
    "date": "2014-04-21",
    "description": "Patriots' Day",
    "locale": "en-US",
    "notes": "",
    "region": "ME",
    "type": "V"
  },
  {
    "date": "2014-05-26",
    "description": "Memorial Day",
    "locale": "en-US",
    "notes": "",
    "region": "",
    "type": "NV"
  },
  {
    "date": "2014-07-04",
    "description": "Independence Day",
    "locale": "en-US",
    "notes": "",
    "region": "",
    "type": "NF"
  },
  {
    "date": "2014-09-01",
    "description": "Labor Day",
    "locale": "en-US",
    "notes": "",
    "region": "",
    "type": "NV"
  },
  {
    "date": "2014-10-13",
    "description": "Columbus Day",
    "locale": "en-US",
    "notes": "",
    "region": "",
    "type": "NV"
  },
  {
    "date": "2014-11-11",
    "description": "Veterans Day",
    "locale": "en-US",
    "notes": "",
    "region": "",
    "type": "NF"
  },
  {
    "date": "2014-11-27",
    "description": "Thanksgiving Day",
    "locale": "en-US",
    "notes": "",
    "region": "",
    "type": "NV"
  },
  {
    "date": "2014-11-28",
    "description": "Day after Thanksgiving",
    "locale": "en-US",
    "notes": "",
    "region": "",
    "type": "NV"
  },
  {
    "date": "2014-12-24",
    "description": "Christmas Eve",
    "locale": "en-US",
    "notes": "",
    "region": "",
    "type": "NRF"
  },
  {
    "date": "2014-12-25",
    "description": "Christmas Day",
    "locale": "en-US",
    "notes": "",
    "region": "",
    "type": "NRF"
  }
]
