[
  {
    "date": "2011-01-01",
    "description": "Πρωτοχρονιά",
    "locale": "el-GR",
    "notes": "",
    "region": "",
    "type": "NF"
  },
  {
    "date": "2011-01-06",
    "description": "Θεοφάνεια",
    "locale": "el-GR",
    "notes": "",
    "region": "",
    "type": "NRF"
  },
  {
    "date": "2011-03-07",
    "description": "Καθαρά Δευτέρα",
    "locale": "el-GR",
    "notes": "",
    "region": "",
    "type": "NRV"
  },
  {
    "date": "2011-03-25",
    "description": "Ευαγγελισμός της Θεοτόκου και Εθνική Ημέρα Ανεξαρτησίας της Ελλάδας",
    "locale": "el-GR",
    "notes": "",
    "region": "",
    "type": "NF"
  },
  {
    "date": "2011-04-22",
    "description": "Μεγάλη Παρασκευή",
    "locale": "el-GR",
    "notes": "",
    "region": "",
    "type": "NRV"
  },
  {
    "date": "2011-04-23",
    "description": "Μεγάλο Σάββατο",
    "locale": "el-GR",
    "notes": "",
    "region": "",
    "type": "NRV"
  },
  {
    "date": "2011-04-24",
    "description": "Πάσχα",
    "locale": "el-GR",
    "notes": "",
    "region": "",
    "type": "NRV"
  },
  {
    "date": "2011-04-25",
    "description": "Δευτέρα του Πάσχα",
    "locale": "el-GR",
    "notes": "",
    "region": "",
    "type": "NRV"
  },
  {
    "date": "2011-05-01",
    "description": "Πρωτομαγιά",
    "locale": "el-GR",
    "notes": "",
    "region": "",
    "type": "NF"
  },
  {
    "date": "2011-06-13",
    "description": "Δευτέρα του Αγίου Πνεύματος",
    "locale": "el-GR",
    "notes": "",
    "region": "",
    "type": "NRV"
  },
  {
    "date": "2011-08-15",
    "description": "Κοίμηση της Θεοτόκου",
    "locale": "el-GR",
    "notes": "",
    "region": "",
    "type": "NRF"
  },
  {
    "date": "2011-10-28",
    "description": "Ημέρα του ΌΧΙ",
    "locale": "el-GR",
    "notes": "",
    "region": "",
    "type": "NF"
  },
  {
    "date": "2011-12-25",
    "description": "Χριστούγεννα",
    "locale": "el-GR",
    "notes": "",
    "region": "",
    "type": "NRF"
  },
  {
    "date": "2011-12-26",
    "description": "Επόμενη ημέρα Χριστουγέννων",
    "locale": "el-GR",
    "notes": "",
    "region": "",
    "type": "NRF"
  }
]
