[
  {
    "date": "2011-01-01",
    "description": "Nyårsdagen",
    "locale": "sv-FI",
    "notes": "",
    "region": "",
    "type": "NF"
  },
  {
    "date": "2011-01-06",
    "description": "Trettondedagen",
    "locale": "sv-FI",
    "notes": "",
    "region": "",
    "type": "NRF"
  },
  {
    "date": "2011-04-22",
    "description": "Långfredagen",
    "locale": "sv-FI",
    "notes": "",
    "region": "",
    "type": "NRV"
  },
  {
    "date": "2011-04-24",
    "description": "Påskdagen",
    "locale": "sv-FI",
    "notes": "",
    "region": "",
    "type": "NRV"
  },
  {
    "date": "2011-04-25",
    "description": "Annandag påsk",
    "locale": "sv-FI",
    "notes": "",
    "region": "",
    "type": "NRV"
  },
  {
    "date": "2011-05-01",
    "description": "Första maj",
    "locale": "sv-FI",
    "notes": "",
    "region": "",
    "type": "NF"
  },
  {
    "date": "2011-06-02",
    "description": "Kristi himmelfärdsdag",
    "locale": "sv-FI",
    "notes": "",
    "region": "",
    "type": "NRV"
  },
  {
    "date": "2011-06-12",
    "description": "Pingst",
    "locale": "sv-FI",
    "notes": "",
    "region": "",
    "type": "NRV"
  },
  {
    "date": "2011-06-25",
    "description": "Midsommardagen",
    "locale": "sv-FI",
    "notes": "",
    "region": "",
    "type": "NRV"
  },
  {
    "date": "2011-11-05",
    "description": "Alla helgons dag",
    "locale": "sv-FI",
    "notes": "",
    "region": "",
    "type": "NRV"
  },
  {
    "date": "2011-12-06",
    "description": "Självständighetsdagen",
    "locale": "sv-FI",
    "notes": "",
    "region": "",
    "type": "NF"
  },
  {
    "date": "2011-12-25",
    "description": "Juldagen",
    "locale": "sv-FI",
    "notes": "",
    "region": "",
    "type": "NRF"
  },
  {
    "date": "2011-12-26",
    "description": "Annandag jul",
    "locale": "sv-FI",
    "notes": "",
    "region": "",
    "type": "NRF"
  }
]
