[
  {
    "date": "2022-01-01",
    "description": "Nyårsdagen",
    "locale": "sv-SE",
    "notes": "",
    "region": "",
    "type": "NF"
  },
  {
    "date": "2022-01-06",
    "description": "Trettondedag jul",
    "locale": "sv-SE",
    "notes": "",
    "region": "",
    "type": "NRF"
  },
  {
    "date": "2022-04-15",
    "description": "Långfredagen",
    "locale": "sv-SE",
    "notes": "",
    "region": "",
    "type": "NRV"
  },
  {
    "date": "2022-04-17",
    "description": "Påskdagen",
    "locale": "sv-SE",
    "notes": "",
    "region": "",
    "type": "NRV"
  },
  {
    "date": "2022-04-18",
    "description": "Annandag påsk",
    "locale": "sv-SE",
    "notes": "",
    "region": "",
    "type": "NRV"
  },
  {
    "date": "2022-05-01",
    "description": "Första maj",
    "locale": "sv-SE",
    "notes": "",
    "region": "",
    "type": "NF"
  },
  {
    "date": "2022-05-26",
    "description": "Kristi himmelsfärdsdag",
    "locale": "sv-SE",
    "notes": "",
    "region": "",
    "type": "NRV"
  },
  {
    "date": "2022-06-05",
    "description": "Pingstdagen",
    "locale": "sv-SE",
    "notes": "",
    "region": "",
    "type": "NRV"
  },
  {
    "date": "2022-06-06",
    "description": "Nationaldagen",
    "locale": "sv-SE",
    "notes": "",
    "region": "",
    "type": "NF"
  },
  {
    "date": "2022-06-24",
    "description": "Midsommarafton",
    "locale": "sv-SE",
    "notes": "",
    "region": "",
    "type": "NV"
  },
  {
    "date": "2022-06-25",
    "description": "Midsommardagen",
    "locale": "sv-SE",
    "notes": "",
    "region": "",
    "type": "NV"
  },
  {
    "date": "2022-11-05",
    "description": "Alla helgons dag",
    "locale": "sv-SE",
    "notes": "",
    "region": "",
    "type": "NRV"
  },
  {
    "date": "2022-12-24",
    "description": "Julafton",
    "locale": "sv-SE",
    "notes": "",
    "region": "",
    "type": "NRF"
  },
  {
    "date": "2022-12-25",
    "description": "Juldagen",
    "locale": "sv-SE",
    "notes": "",
    "region": "",
    "type": "NRF"
  },
  {
    "date": "2022-12-26",
    "description": "Annandag jul",
    "locale": "sv-SE",
    "notes": "",
    "region": "",
    "type": "NRF"
  },
  {
    "date": "2022-12-31",
    "description": "Nyårsafton",
    "locale": "sv-SE",
    "notes": "",
    "region": "",
    "type": "NF"
  }
]
