[
  {
    "date": "2018-01-01",
    "description": "Nyårsdagen",
    "locale": "sv-FI",
    "notes": "",
    "region": "",
    "type": "NF"
  },
  {
    "date": "2018-01-06",
    "description": "Trettondedagen",
    "locale": "sv-FI",
    "notes": "",
    "region": "",
    "type": "NRF"
  },
  {
    "date": "2018-03-30",
    "description": "Långfredagen",
    "locale": "sv-FI",
    "notes": "",
    "region": "",
    "type": "NRV"
  },
  {
    "date": "2018-04-01",
    "description": "Påskdagen",
    "locale": "sv-FI",
    "notes": "",
    "region": "",
    "type": "NRV"
  },
  {
    "date": "2018-04-02",
    "description": "Annandag påsk",
    "locale": "sv-FI",
    "notes": "",
    "region": "",
    "type": "NRV"
  },
  {
    "date": "2018-05-01",
    "description": "Första maj",
    "locale": "sv-FI",
    "notes": "",
    "region": "",
    "type": "NF"
  },
  {
    "date": "2018-05-10",
    "description": "Kristi himmelfärdsdag",
    "locale": "sv-FI",
    "notes": "",
    "region": "",
    "type": "NRV"
  },
  {
    "date": "2018-05-20",
    "description": "Pingst",
    "locale": "sv-FI",
    "notes": "",
    "region": "",
    "type": "NRV"
  },
  {
    "date": "2018-06-23",
    "description": "Midsommardagen",
    "locale": "sv-FI",
    "notes": "",
    "region": "",
    "type": "NRV"
  },
  {
    "date": "2018-11-03",
    "description": "Alla helgons dag",
    "locale": "sv-FI",
    "notes": "",
    "region": "",
    "type": "NRV"
  },
  {
    "date": "2018-12-06",
    "description": "Självständighetsdagen",
    "locale": "sv-FI",
    "notes": "",
    "region": "",
    "type": "NF"
  },
  {
    "date": "2018-12-25",
    "description": "Juldagen",
    "locale": "sv-FI",
    "notes": "",
    "region": "",
    "type": "NRF"
  },
  {
    "date": "2018-12-26",
    "description": "Annandag jul",
    "locale": "sv-FI",
    "notes": "",
    "region": "",
    "type": "NRF"
  }
]
