[
  {
    "date": "2021-01-01",
    "description": "Újév",
    "locale": "hu-HU",
    "notes": "",
    "region": "",
    "type": "NF"
  },
  {
    "date": "2021-03-15",
    "description": "Az 1848-as forradalom ünnepe",
    "locale": "hu-HU",
    "notes": "",
    "region": "",
    "type": "NF"
  },
  {
    "date": "2021-04-02",
    "description": "Nagypéntek",
    "locale": "hu-HU",
    "notes": "",
    "region": "",
    "type": "NRV"
  },
  {
    "date": "2021-04-04",
    "description": "Húsvét",
    "locale": "hu-HU",
    "notes": "",
    "region": "",
    "type": "NRV"
  },
  {
    "date": "2021-04-05",
    "description": "Húsvéthétfő",
    "locale": "hu-HU",
    "notes": "",
    "region": "",
    "type": "NRV"
  },
  {
    "date": "2021-05-01",
    "description": "A munka ünnepe",
    "locale": "hu-HU",
    "notes": "",
    "region": "",
    "type": "NF"
  },
  {
    "date": "2021-05-23",
    "description": "Pünkösd",
    "locale": "hu-HU",
    "notes": "",
    "region": "",
    "type": "NRV"
  },
  {
    "date": "2021-05-24",
    "description": "Pünkösdhétfő",
    "locale": "hu-HU",
    "notes": "",
    "region": "",
    "type": "NRV"
  },
  {
    "date": "2021-08-20",
    "description": "Az államalapítás ünnepe",
    "locale": "hu-HU",
    "notes": "",
    "region": "",
    "type": "NF"
  },
  {
    "date": "2021-10-23",
    "description": "Az 1956-os forradalom ünnepe",
    "locale": "hu-HU",
    "notes": "",
    "region": "",
    "type": "NF"
  },
  {
    "date": "2021-11-01",
    "description": "Mindenszentek",
    "locale": "hu-HU",
    "notes": "",
    "region": "",
    "type": "NRF"
  },
  {
    "date": "2021-12-24",
    "description": "Munkaszüneti nap",
    "locale": "hu-HU",
    "notes": "2021-12-11 munkanap",
    "region": "",
    "type": "NF"
  },
  {
    "date": "2021-12-25",
    "description": "Karácsony",
    "locale": "hu-HU",
    "notes": "",
    "region": "",
    "type": "NRF"
  },
  {
    "date": "2021-12-26",
    "description": "Karácsony",
    "locale": "hu-HU",
    "notes": "",
    "region": "",
    "type": "NRF"
  }
]
