[
  {
    "date": "2012-01-01",
    "description": "Nýársdagur",
    "locale": "is-IS",
    "notes": "",
    "region": "",
    "type": "NRF"
  },
  {
    "date": "2012-04-05",
    "description": "Skírdagur",
    "locale": "is-IS",
    "notes": "",
    "region": "",
    "type": "NRV"
  },
  {
    "date": "2012-04-06",
    "description": "Föstudagurinn langi",
    "locale": "is-IS",
    "notes": "",
    "region": "",
    "type": "NRV"
  },
  {
    "date": "2012-04-08",
    "description": "Páskadagur",
    "locale": "is-IS",
    "notes": "",
    "region": "",
    "type": "NRV"
  },
  {
    "date": "2012-04-09",
    "description": "Annar dagur páska",
    "locale": "is-IS",
    "notes": "",
    "region": "",
    "type": "NRV"
  },
  {
    "date": "2012-04-19",
    "description": "Sumardagurinn fyrsti",
    "locale": "is-IS",
    "notes": "",
    "region": "",
    "type": "NV"
  },
  {
    "date": "2012-05-01",
    "description": "Verkalýðsdagurinn",
    "locale": "is-IS",
    "notes": "",
    "region": "",
    "type": "NF"
  },
  {
    "date": "2012-05-17",
    "description": "Uppstigningardagur",
    "locale": "is-IS",
    "notes": "",
    "region": "",
    "type": "NRV"
  },
  {
    "date": "2012-05-27",
    "description": "Hvítasunnudagur",
    "locale": "is-IS",
    "notes": "",
    "region": "",
    "type": "NRV"
  },
  {
    "date": "2012-05-28",
    "description": "Annar dagur hvítasunnu",
    "locale": "is-IS",
    "notes": "",
    "region": "",
    "type": "NRV"
  },
  {
    "date": "2012-06-17",
    "description": "Þjóðhátíðardagurinn",
    "locale": "is-IS",
    "notes": "",
    "region": "",
    "type": "NF"
  },
  {
    "date": "2012-08-06",
    "description": "Frídagur verslunarmanna",
    "locale": "is-IS",
    "notes": "",
    "region": "",
    "type": "NV"
  },
  {
    "date": "2012-12-24",
    "description": "Aðfangadagur jóla",
    "locale": "is-IS",
    "notes": "Holiday from 13:00",
    "region": "",
    "type": "NRF"
  },
  {
    "date": "2012-12-25",
    "description": "Jóladagur",
    "locale": "is-IS",
    "notes": "",
    "region": "",
    "type": "NRF"
  },
  {
    "date": "2012-12-26",
    "description": "Annar dagur jóla",
    "locale": "is-IS",
    "notes": "",
    "region": "",
    "type": "NRF"
  },
  {
    "date": "2012-12-31",
    "description": "Gamlársdagur",
    "locale": "is-IS",
    "notes": "Holiday from 13:00",
    "region": "",
    "type": "NF"
  }
]
