[
  {
    "date": "2020-01-01",
    "description": "Nieuwjaarsdag",
    "locale": "nl-NL",
    "notes": "",
    "region": "",
    "type": "NF"
  },
  {
    "date": "2020-04-10",
    "description": "Goede Vrijdag",
    "locale": "nl-NL",
    "notes": "",
    "region": "",
    "type": "NRV"
  },
  {
    "date": "2020-04-12",
    "description": "Eerste Paasdag",
    "locale": "nl-NL",
    "notes": "",
    "region": "",
    "type": "NRV"
  },
  {
    "date": "2020-04-13",
    "description": "Tweede Paasdag",
    "locale": "nl-NL",
    "notes": "",
    "region": "",
    "type": "NRV"
  },
  {
    "date": "2020-04-27",
    "description": "Koningsdag",
    "locale": "nl-NL",
    "notes": "",
    "region": "",
    "type": "NV"
  },
  {
    "date": "2020-05-04",
    "description": "Dodenherdenking",
    "locale": "nl-NL",
    "notes": "",
    "region": "",
    "type": "NF"
  },
  {
    "date": "2020-05-05",
    "description": "Bevrijdingsdag",
    "locale": "nl-NL",
    "notes": "",
    "region": "",
    "type": "NF"
  },
  {
    "date": "2020-05-21",
    "description": "Hemelvaartsdag",
    "locale": "nl-NL",
    "notes": "",
    "region": "",
    "type": "NRV"
  },
  {
    "date": "2020-05-31",
    "description": "Eerste Pinksterdag",
    "locale": "nl-NL",
    "notes": "",
    "region": "",
    "type": "NRV"
  },
  {
    "date": "2020-06-01",
    "description": "Tweede Pinksterdag",
    "locale": "nl-NL",
    "notes": "",
    "region": "",
    "type": "NRV"
  },
  {
    "date": "2020-12-05",
    "description": "Sinterklaas",
    "locale": "nl-NL",
    "notes": "",
    "region": "",
    "type": "NRF"
  },
  {
    "date": "2020-12-15",
    "description": "Koninkrijksdag",
    "locale": "nl-NL",
    "notes": "",
    "region": "",
    "type": "NV"
  },
  {
    "date": "2020-12-25",
    "description": "Eerste Kerstdag",
    "locale": "nl-NL",
    "notes": "",
    "region": "",
    "type": "NRF"
  },
  {
    "date": "2020-12-26",
    "description": "Tweede Kerstdag",
    "locale": "nl-NL",
    "notes": "",
    "region": "",
    "type": "NRF"
  }
]
