[
  {
    "date": "2018-01-01",
    "description": "New Year's Day",
    "locale": "en-GB",
    "notes": "",
    "region": "",
    "type": "NF"
  },
  {
    "date": "2018-03-30",
    "description": "Good Friday",
    "locale": "en-GB",
    "notes": "",
    "region": "",
    "type": "NRV"
  },
  {
    "date": "2018-04-02",
    "description": "Easter Monday",
    "locale": "en-GB",
    "notes": "",
    "region": "",
    "type": "NRV"
  },
  {
    "date": "2018-05-07",
    "description": "Early May Bank Holiday",
    "locale": "en-GB",
    "notes": "",
    "region": "",
    "type": "NV"
  },
  {
    "date": "2018-05-28",
    "description": "Spring Bank Holiday",
    "locale": "en-GB",
    "notes": "",
    "region": "",
    "type": "NV"
  },
  {
    "date": "2018-08-27",
    "description": "August Bank Holiday",
    "locale": "en-GB",
    "notes": "",
    "region": "",
    "type": "NV"
  },
  {
    "date": "2018-12-25",
    "description": "Christmas Day",
    "locale": "en-GB",
    "notes": "",
    "region": "",
    "type": "NRF"
  },
  {
    "date": "2018-12-26",
    "description": "Boxing Day",
    "locale": "en-GB",
    "notes": "",
    "region": "",
    "type": "NF"
  }
]
