[
  {
    "date": "2015-01-01",
    "description": "Πρωτοχρονιά",
    "locale": "el-GR",
    "notes": "",
    "region": "",
    "type": "NF"
  },
  {
    "date": "2015-01-06",
    "description": "Θεοφάνεια",
    "locale": "el-GR",
    "notes": "",
    "region": "",
    "type": "NRF"
  },
  {
    "date": "2015-02-23",
    "description": "Καθαρά Δευτέρα",
    "locale": "el-GR",
    "notes": "",
    "region": "",
    "type": "NRV"
  },
  {
    "date": "2015-03-25",
    "description": "Ευαγγελισμός της Θεοτόκου και Εθνική Ημέρα Ανεξαρτησίας της Ελλάδας",
    "locale": "el-GR",
    "notes": "",
    "region": "",
    "type": "NF"
  },
  {
    "date": "2015-04-10",
    "description": "Μεγάλη Παρασκευή",
    "locale": "el-GR",
    "notes": "",
    "region": "",
    "type": "NRV"
  },
  {
    "date": "2015-04-11",
    "description": "Μεγάλο Σάββατο",
    "locale": "el-GR",
    "notes": "",
    "region": "",
    "type": "NRV"
  },
  {
    "date": "2015-04-12",
    "description": "Πάσχα",
    "locale": "el-GR",
    "notes": "",
    "region": "",
    "type": "NRV"
  },
  {
    "date": "2015-04-13",
    "description": "Δευτέρα του Πάσχα",
    "locale": "el-GR",
    "notes": "",
    "region": "",
    "type": "NRV"
  },
  {
    "date": "2015-05-01",
    "description": "Πρωτομαγιά",
    "locale": "el-GR",
    "notes": "",
    "region": "",
    "type": "NF"
  },
  {
    "date": "2015-06-01",
    "description": "Δευτέρα του Αγίου Πνεύματος",
    "locale": "el-GR",
    "notes": "",
    "region": "",
    "type": "NRV"
  },
  {
    "date": "2015-08-15",
    "description": "Κοίμηση της Θεοτόκου",
    "locale": "el-GR",
    "notes": "",
    "region": "",
    "type": "NRF"
  },
  {
    "date": "2015-10-28",
    "description": "Ημέρα του ΌΧΙ",
    "locale": "el-GR",
    "notes": "",
    "region": "",
    "type": "NF"
  },
  {
    "date": "2015-12-25",
    "description": "Χριστούγεννα",
    "locale": "el-GR",
    "notes": "",
    "region": "",
    "type": "NRF"
  },
  {
    "date": "2015-12-26",
    "description": "Επόμενη ημέρα Χριστουγέννων",
    "locale": "el-GR",
    "notes": "",
    "region": "",
    "type": "NRF"
  }
]
