[
  {
    "date": "2022-01-01",
    "description": "Nowy Rok",
    "locale": "pl-PL",
    "notes": "",
    "region": "",
    "type": "NF"
  },
  {
    "date": "2022-01-06",
    "description": "Trzech Króli",
    "locale": "pl-PL",
    "notes": "",
    "region": "",
    "type": "NRF"
  },
  {
    "date": "2022-04-17",
    "description": "Wielkanoc",
    "locale": "pl-PL",
    "notes": "",
    "region": "",
    "type": "NRV"
  },
  {
    "date": "2022-04-18",
    "description": "Poniedziałek Wielkanocny",
    "locale": "pl-PL",
    "notes": "",
    "region": "",
    "type": "NRV"
  },
  {
    "date": "2022-05-01",
    "description": "Święto Pracy",
    "locale": "pl-PL",
    "notes": "",
    "region": "",
    "type": "NF"
  },
  {
    "date": "2022-05-03",
    "description": "Święto Konstytucji Trzeciego Maja",
    "locale": "pl-PL",
    "notes": "",
    "region": "",
    "type": "NF"
  },
  {
    "date": "2022-06-05",
    "description": "Zielone Świątki",
    "locale": "pl-PL",
    "notes": "",
    "region": "",
    "type": "NRV"
  },
  {
    "date": "2022-06-16",
    "description": "Boże Ciało",
    "locale": "pl-PL",
    "notes": "",
    "region": "",
    "type": "NRV"
  },
  {
    "date": "2022-08-15",
    "description": "Wniebowzięcie Najświętszej Maryi Panny",
    "locale": "pl-PL",
    "notes": "",
    "region": "",
    "type": "NRF"
  },
  {
    "date": "2022-11-01",
    "description": "Wszystkich Świętych",
    "locale": "pl-PL",
    "notes": "",
    "region": "",
    "type": "NRF"
  },
  {
    "date": "2022-11-11",
    "description": "Narodowe Święto Niepodległości",
    "locale": "pl-PL",
    "notes": "",
    "region": "",
    "type": "NF"
  },
  {
    "date": "2022-12-25",
    "description": "Boże Narodzenie (pierwszy dzień)",
    "locale": "pl-PL",
    "notes": "",
    "region": "",
    "type": "NRF"
  },
  {
    "date": "2022-12-26",
    "description": "Boże Narodzenie (drugi dzień)",
    "locale": "pl-PL",
    "notes": "",
    "region": "",
    "type": "NRF"
  }
]
