[
  {
    "date": "2023-01-01",
    "description": "New Year's Day",
    "locale": "en-NZ",
    "notes": "",
    "region": "",
    "type": "NF"
  },
  {
    "date": "2023-01-02",
    "description": "New Year's Day (observed)",
    "locale": "en-NZ",
    "notes": "",
    "region": "",
    "type": "NV"
  },
  {
    "date": "2023-01-03",
    "description": "Day after New Year's Day",
    "locale": "en-NZ",
    "notes": "",
    "region": "",
    "type": "NV"
  },
  {
    "date": "2023-02-06",
    "description": "Waitangi Day",
    "locale": "en-NZ",
    "notes": "",
    "region": "",
    "type": "NF"
  },
  {
    "date": "2023-04-07",
    "description": "Good Friday",
    "locale": "en-NZ",
    "notes": "",
    "region": "",
    "type": "NRV"
  },
  {
    "date": "2023-04-10",
    "description": "Easter Monday",
    "locale": "en-NZ",
    "notes": "",
    "region": "",
    "type": "NRV"
  },
  {
    "date": "2023-04-25",
    "description": "ANZAC Day",
    "locale": "en-NZ",
    "notes": "",
    "region": "",
    "type": "NF"
  },
  {
    "date": "2023-06-05",
    "description": "Queen's Birthday",
    "locale": "en-NZ",
    "notes": "",
    "region": "",
    "type": "NV"
  },
  {
    "date": "2023-10-23",
    "description": "Labour Day",
    "locale": "en-NZ",
    "notes": "",
    "region": "",
    "type": "NV"
  },
  {
    "date": "2023-12-25",
    "description": "Christmas Day",
    "locale": "en-NZ",
    "notes": "",
    "region": "",
    "type": "NRF"
  },
  {
    "date": "2023-12-26",
    "description": "Boxing Day",
    "locale": "en-NZ",
    "notes": "",
    "region": "",
    "type": "NF"
  }
]
