[
  {
    "date": "2013-01-01",
    "description": "Nyårsdagen",
    "locale": "sv-SE",
    "notes": "",
    "region": "",
    "type": "NF"
  },
  {
    "date": "2013-01-06",
    "description": "Trettondedag jul",
    "locale": "sv-SE",
    "notes": "",
    "region": "",
    "type": "NRF"
  },
  {
    "date": "2013-03-29",
    "description": "Långfredagen",
    "locale": "sv-SE",
    "notes": "",
    "region": "",
    "type": "NRV"
  },
  {
    "date": "2013-03-31",
    "description": "Påskdagen",
    "locale": "sv-SE",
    "notes": "",
    "region": "",
    "type": "NRV"
  },
  {
    "date": "2013-04-01",
    "description": "Annandag påsk",
    "locale": "sv-SE",
    "notes": "",
    "region": "",
    "type": "NRV"
  },
  {
    "date": "2013-05-01",
    "description": "Första maj",
    "locale": "sv-SE",
    "notes": "",
    "region": "",
    "type": "NF"
  },
  {
    "date": "2013-05-09",
    "description": "Kristi himmelsfärdsdag",
    "locale": "sv-SE",
    "notes": "",
    "region": "",
    "type": "NRV"
  },
  {
    "date": "2013-05-19",
    "description": "Pingstdagen",
    "locale": "sv-SE",
    "notes": "",
    "region": "",
    "type": "NRV"
  },
  {
    "date": "2013-06-06",
    "description": "Nationaldagen",
    "locale": "sv-SE",
    "notes": "",
    "region": "",
    "type": "NF"
  },
  {
    "date": "2013-06-21",
    "description": "Midsommarafton",
    "locale": "sv-SE",
    "notes": "",
    "region": "",
    "type": "NV"
  },
  {
    "date": "2013-06-22",
    "description": "Midsommardagen",
    "locale": "sv-SE",
    "notes": "",
    "region": "",
    "type": "NV"
  },
  {
    "date": "2013-11-02",
    "description": "Alla helgons dag",
    "locale": "sv-SE",
    "notes": "",
    "region": "",
    "type": "NRV"
  },
  {
    "date": "2013-12-24",
    "description": "Julafton",
    "locale": "sv-SE",
    "notes": "",
    "region": "",
    "type": "NRF"
  },
  {
    "date": "2013-12-25",
    "description": "Juldagen",
    "locale": "sv-SE",
    "notes": "",
    "region": "",
    "type": "NRF"
  },
  {
    "date": "2013-12-26",
    "description": "Annandag jul",
    "locale": "sv-SE",
    "notes": "",
    "region": "",
    "type": "NRF"
  },
  {
    "date": "2013-12-31",
    "description": "Nyårsafton",
    "locale": "sv-SE",
    "notes": "",
    "region": "",
    "type": "NF"
  }
]
