[
  {
    "date": "2022-01-01",
    "description": "Nieuwjaar",
    "locale": "nl-BE",
    "notes": "",
    "region": "",
    "type": "NF"
  },
  {
    "date": "2022-04-17",
    "description": "Pasen",
    "locale": "nl-BE",
    "notes": "",
    "region": "",
    "type": "NRV"
  },
  {
    "date": "2022-04-18",
    "description": "Paasmaandag",
    "locale": "nl-BE",
    "notes": "",
    "region": "",
    "type": "NRV"
  },
  {
    "date": "2022-05-01",
    "description": "Dag van de arbeid",
    "locale": "nl-BE",
    "notes": "",
    "region": "",
    "type": "NF"
  },
  {
    "date": "2022-05-26",
    "description": "Onze Lieve Heer hemelvaart",
    "locale": "nl-BE",
    "notes": "",
    "region": "",
    "type": "NRV"
  },
  {
    "date": "2022-06-05",
    "description": "Pinksteren",
    "locale": "nl-BE",
    "notes": "",
    "region": "",
    "type": "NRV"
  },
  {
    "date": "2022-06-06",
    "description": "Pinkstermaandag",
    "locale": "nl-BE",
    "notes": "",
    "region": "",
    "type": "NRV"
  },
  {
    "date": "2022-07-21",
    "description": "Nationale feestdag",
    "locale": "nl-BE",
    "notes": "",
    "region": "",
    "type": "NF"
  },
  {
    "date": "2022-08-15",
    "description": "Onze Lieve Vrouw hemelvaart",
    "locale": "nl-BE",
    "notes": "",
    "region": "",
    "type": "NRF"
  },
  {
    "date": "2022-11-01",
    "description": "Allerheiligen",
    "locale": "nl-BE",
    "notes": "",
    "region": "",
    "type": "NRF"
  },
  {
    "date": "2022-11-11",
    "description": "Wapenstilstand",
    "locale": "nl-BE",
    "notes": "",
    "region": "",
    "type": "NF"
  },
  {
    "date": "2022-12-25",
    "description": "Kerstmis",
    "locale": "nl-BE",
    "notes": "",
    "region": "",
    "type": "NRF"
  }
]
