[
  {
    "date": "2012-01-01",
    "description": "Nova Godina",
    "locale": "hr-HR",
    "notes": "",
    "region": "",
    "type": "NF"
  },
  {
    "date": "2012-01-06",
    "description": "Sveta tri kralja",
    "locale": "hr-HR",
    "notes": "",
    "region": "",
    "type": "NRF"
  },
  {
    "date": "2012-04-08",
    "description": "Uskrs",
    "locale": "hr-HR",
    "notes": "",
    "region": "",
    "type": "NRV"
  },
  {
    "date": "2012-04-09",
    "description": "Uskršnji ponedjeljak",
    "locale": "hr-HR",
    "notes": "",
    "region": "",
    "type": "NRV"
  },
  {
    "date": "2012-05-01",
    "description": "Praznik rada",
    "locale": "hr-HR",
    "notes": "",
    "region": "",
    "type": "NF"
  },
  {
    "date": "2012-05-30",
    "description": "Dan državnosti",
    "locale": "hr-HR",
    "notes": "",
    "region": "",
    "type": "NF"
  },
  {
    "date": "2012-06-07",
    "description": "Tijelovo",
    "locale": "hr-HR",
    "notes": "",
    "region": "",
    "type": "NRV"
  },
  {
    "date": "2012-06-22",
    "description": "Dan antifašističke borbe",
    "locale": "hr-HR",
    "notes": "",
    "region": "",
    "type": "NF"
  },
  {
    "date": "2012-08-05",
    "description": "Dan pobjede i domovinske zahvalnosti i Dan hrvatskih branitelja",
    "locale": "hr-HR",
    "notes": "",
    "region": "",
    "type": "NF"
  },
  {
    "date": "2012-08-15",
    "description": "Velika Gospa",
    "locale": "hr-HR",
    "notes": "",
    "region": "",
    "type": "NRF"
  },
  {
    "date": "2012-11-01",
    "description": "Dan svih svetih",
    "locale": "hr-HR",
    "notes": "",
    "region": "",
    "type": "NRF"
  },
  {
    "date": "2012-12-25",
    "description": "Božić",
    "locale": "hr-HR",
    "notes": "",
    "region": "",
    "type": "NRF"
  },
  {
    "date": "2012-12-26",
    "description": "Sveti Stjepan",
    "locale": "hr-HR",
    "notes": "",
    "region": "",
    "type": "NRF"
  }
]
