[
  {
    "date": "2011-01-01",
    "description": "Ano Novo",
    "locale": "pt-PT",
    "notes": "",
    "region": "",
    "type": "NF"
  },
  {
    "date": "2011-03-08",
    "description": "Carnaval",
    "locale": "pt-PT",
    "notes": "",
    "region": "",
    "type": "NRV"
  },
  {
    "date": "2011-04-22",
    "description": "Sexta-feira Santa",
    "locale": "pt-PT",
    "notes": "",
    "region": "",
    "type": "NRV"
  },
  {
    "date": "2011-04-24",
    "description": "Páscoa",
    "locale": "pt-PT",
    "notes": "",
    "region": "",
    "type": "NRV"
  },
  {
    "date": "2011-04-25",
    "description": "Dia da Liberdade",
    "locale": "pt-PT",
    "notes": "",
    "region": "",
    "type": "NF"
  },
  {
    "date": "2011-05-01",
    "description": "Dia do Trabalhador",
    "locale": "pt-PT",
    "notes": "",
    "region": "",
    "type": "NF"
  },
  {
    "date": "2011-06-10",
    "description": "Dia de Portugal",
    "locale": "pt-PT",
    "notes": "",
    "region": "",
    "type": "NF"
  },
  {
    "date": "2011-06-23",
    "description": "Corpo de Deus",
    "locale": "pt-PT",
    "notes": "",
    "region": "",
    "type": "NRV"
  },
  {
    "date": "2011-08-15",
    "description": "Assunção de Nossa Senhora",
    "locale": "pt-PT",
    "notes": "",
    "region": "",
    "type": "NF"
  },
  {
    "date": "2011-10-05",
    "description": "Implantação da República",
    "locale": "pt-PT",
    "notes": "",
    "region": "",
    "type": "NF"
  },
  {
    "date": "2011-11-01",
    "description": "Dia de Todos os Santos",
    "locale": "pt-PT",
    "notes": "",
    "region": "",
    "type": "NF"
  },
  {
    "date": "2011-12-01",
    "description": "Restauração da Independência",
    "locale": "pt-PT",
    "notes": "",
    "region": "",
    "type": "NF"
  },
  {
    "date": "2011-12-08",
    "description": "Imaculada Conceição",
    "locale": "pt-PT",
    "notes": "",
    "region": "",
    "type": "NF"
  },
  {
    "date": "2011-12-25",
    "description": "Natal",
    "locale": "pt-PT",
    "notes": "",
    "region": "",
    "type": "NF"
  }
]
