[
  {
    "date": "2017-01-01",
    "description": "New Year's Day",
    "locale": "en-GB",
    "notes": "",
    "region": "",
    "type": "NF"
  },
  {
    "date": "2017-01-02",
    "description": "New Year's Day (observed)",
    "locale": "en-GB",
    "notes": "",
    "region": "",
    "type": "NV"
  },
  {
    "date": "2017-04-14",
    "description": "Good Friday",
    "locale": "en-GB",
    "notes": "",
    "region": "",
    "type": "NRV"
  },
  {
    "date": "2017-04-17",
    "description": "Easter Monday",
    "locale": "en-GB",
    "notes": "",
    "region": "",
    "type": "NRV"
  },
  {
    "date": "2017-05-01",
    "description": "Early May Bank Holiday",
    "locale": "en-GB",
    "notes": "",
    "region": "",
    "type": "NV"
  },
  {
    "date": "2017-05-29",
    "description": "Spring Bank Holiday",
    "locale": "en-GB",
    "notes": "",
    "region": "",
    "type": "NV"
  },
  {
    "date": "2017-08-28",
    "description": "August Bank Holiday",
    "locale": "en-GB",
    "notes": "",
    "region": "",
    "type": "NV"
  },
  {
    "date": "2017-12-25",
    "description": "Christmas Day",
    "locale": "en-GB",
    "notes": "",
    "region": "",
    "type": "NRF"
  },
  {
    "date": "2017-12-26",
    "description": "Boxing Day",
    "locale": "en-GB",
    "notes": "",
    "region": "",
    "type": "NF"
  }
]
