[
  {
    "date": "2018-01-01",
    "description": "Новый Год",
    "locale": "ru-RU",
    "notes": "",
    "region": "",
    "type": "NF"
  },
  {
    "date": "2018-01-07",
    "description": "Рождество Христово",
    "locale": "ru-RU",
    "notes": "",
    "region": "",
    "type": "NRF"
  },
  {
    "date": "2018-02-23",
    "description": "День защитника Отечества",
    "locale": "ru-RU",
    "notes": "",
    "region": "",
    "type": "NF"
  },
  {
    "date": "2018-03-08",
    "description": "Международный женский день",
    "locale": "ru-RU",
    "notes": "",
    "region": "",
    "type": "NF"
  },
  {
    "date": "2018-04-08",
    "description": "Пасха",
    "locale": "ru-RU",
    "notes": "",
    "region": "",
    "type": "NRV"
  },
  {
    "date": "2018-05-01",
    "description": "Праздник весны и труда",
    "locale": "ru-RU",
    "notes": "",
    "region": "",
    "type": "NF"
  },
  {
    "date": "2018-05-09",
    "description": "День Победы",
    "locale": "ru-RU",
    "notes": "",
    "region": "",
    "type": "NF"
  },
  {
    "date": "2018-06-12",
    "description": "День России",
    "locale": "ru-RU",
    "notes": "",
    "region": "",
    "type": "NF"
  },
  {
    "date": "2018-11-04",
    "description": "День народного единства",
    "locale": "ru-RU",
    "notes": "",
    "region": "",
    "type": "NF"
  }
]
