[
  {
    "date": "2020-01-01",
    "description": "Neujahr",
    "locale": "de-BE",
    "notes": "",
    "region": "",
    "type": "NF"
  },
  {
    "date": "2020-04-12",
    "description": "Ostern",
    "locale": "de-BE",
    "notes": "",
    "region": "",
    "type": "NRV"
  },
  {
    "date": "2020-04-13",
    "description": "Ostermontag",
    "locale": "de-BE",
    "notes": "",
    "region": "",
    "type": "NRV"
  },
  {
    "date": "2020-05-01",
    "description": "Tag der Arbeit",
    "locale": "de-BE",
    "notes": "",
    "region": "",
    "type": "NF"
  },
  {
    "date": "2020-05-21",
    "description": "Christi Himmelfahrt",
    "locale": "de-BE",
    "notes": "",
    "region": "",
    "type": "NRV"
  },
  {
    "date": "2020-05-31",
    "description": "Pfingsten",
    "locale": "de-BE",
    "notes": "",
    "region": "",
    "type": "NRV"
  },
  {
    "date": "2020-06-01",
    "description": "Pfingstmontag",
    "locale": "de-BE",
    "notes": "",
    "region": "",
    "type": "NRV"
  },
  {
    "date": "2020-07-21",
    "description": "Nationalfeiertag",
    "locale": "de-BE",
    "notes": "",
    "region": "",
    "type": "NF"
  },
  {
    "date": "2020-08-15",
    "description": "Mari√§ Himmelfahrt",
    "locale": "de-BE",
    "notes": "",
    "region": "",
    "type": "NRF"
  },
  {
    "date": "2020-11-01",
    "description": "Allerheiligen",
    "locale": "de-BE",
    "notes": "",
    "region": "",
    "type": "NRF"
  },
  {
    "date": "2020-11-11",
    "description": "Waffenstillstand",
    "locale": "de-BE",
    "notes": "",
    "region": "",
    "type": "NF"
  },
  {
    "date": "2020-12-25",
    "description": "Weihnacht",
    "locale": "de-BE",
    "notes": "",
    "region": "",
    "type": "NRF"
  }
]
