[
  {
    "date": "2020-01-01",
    "description": "Nieuwjaar",
    "locale": "nl-BE",
    "notes": "",
    "region": "",
    "type": "NF"
  },
  {
    "date": "2020-04-12",
    "description": "Pasen",
    "locale": "nl-BE",
    "notes": "",
    "region": "",
    "type": "NRV"
  },
  {
    "date": "2020-04-13",
    "description": "Paasmaandag",
    "locale": "nl-BE",
    "notes": "",
    "region": "",
    "type": "NRV"
  },
  {
    "date": "2020-05-01",
    "description": "Dag van de arbeid",
    "locale": "nl-BE",
    "notes": "",
    "region": "",
    "type": "NF"
  },
  {
    "date": "2020-05-21",
    "description": "Onze Lieve Heer hemelvaart",
    "locale": "nl-BE",
    "notes": "",
    "region": "",
    "type": "NRV"
  },
  {
    "date": "2020-05-31",
    "description": "Pinksteren",
    "locale": "nl-BE",
    "notes": "",
    "region": "",
    "type": "NRV"
  },
  {
    "date": "2020-06-01",
    "description": "Pinkstermaandag",
    "locale": "nl-BE",
    "notes": "",
    "region": "",
    "type": "NRV"
  },
  {
    "date": "2020-07-21",
    "description": "Nationale feestdag",
    "locale": "nl-BE",
    "notes": "",
    "region": "",
    "type": "NF"
  },
  {
    "date": "2020-08-15",
    "description": "Onze Lieve Vrouw hemelvaart",
    "locale": "nl-BE",
    "notes": "",
    "region": "",
    "type": "NRF"
  },
  {
    "date": "2020-11-01",
    "description": "Allerheiligen",
    "locale": "nl-BE",
    "notes": "",
    "region": "",
    "type": "NRF"
  },
  {
    "date": "2020-11-11",
    "description": "Wapenstilstand",
    "locale": "nl-BE",
    "notes": "",
    "region": "",
    "type": "NF"
  },
  {
    "date": "2020-12-25",
    "description": "Kerstmis",
    "locale": "nl-BE",
    "notes": "",
    "region": "",
    "type": "NRF"
  }
]
