[
  {
    "date": "2019-01-01",
    "description": "Año Nuevo",
    "locale": "es-ES",
    "notes": "",
    "region": "",
    "type": "NF"
  },
  {
    "date": "2019-01-06",
    "description": "Epifanía del Señor",
    "locale": "es-ES",
    "notes": "",
    "region": "",
    "type": "NRF"
  },
  {
    "date": "2019-01-07",
    "description": "Lunes siguiente a la Epifanía del Señor",
    "locale": "es-ES",
    "notes": "",
    "region": "AN",
    "type": "RF"
  },
  {
    "date": "2019-01-07",
    "description": "Lunes siguiente a la Epifanía del Señor",
    "locale": "es-ES",
    "notes": "",
    "region": "AR",
    "type": "RF"
  },
  {
    "date": "2019-01-07",
    "description": "Lunes siguiente a la Epifanía del Señor",
    "locale": "es-ES",
    "notes": "",
    "region": "AS",
    "type": "RF"
  },
  {
    "date": "2019-01-07",
    "description": "Lunes siguiente a la Epifanía del Señor",
    "locale": "es-ES",
    "notes": "",
    "region": "CE",
    "type": "RF"
  },
  {
    "date": "2019-01-07",
    "description": "Lunes siguiente a la Epifanía del Señor",
    "locale": "es-ES",
    "notes": "",
    "region": "CL",
    "type": "RF"
  },
  {
    "date": "2019-01-07",
    "description": "Lunes siguiente a la Epifanía del Señor",
    "locale": "es-ES",
    "notes": "",
    "region": "CN",
    "type": "RF"
  },
  {
    "date": "2019-01-07",
    "description": "Lunes siguiente a la Epifanía del Señor",
    "locale": "es-ES",
    "notes": "",
    "region": "EX",
    "type": "RF"
  },
  {
    "date": "2019-01-07",
    "description": "Lunes siguiente a la Epifanía del Señor",
    "locale": "es-ES",
    "notes": "",
    "region": "MC",
    "type": "RF"
  },
  {
    "date": "2019-01-07",
    "description": "Lunes siguiente a la Epifanía del Señor",
    "locale": "es-ES",
    "notes": "",
    "region": "MD",
    "type": "RF"
  },
  {
    "date": "2019-01-07",
    "description": "Lunes siguiente a la Epifanía del Señor",
    "locale": "es-ES",
    "notes": "",
    "region": "ML",
    "type": "RF"
  },
  {
    "date": "2019-01-07",
    "description": "Lunes siguiente a la Epifanía del Señor",
    "locale": "es-ES",
    "notes": "",
    "region": "NC",
    "type": "RF"
  },
  {
    "date": "2019-02-28",
    "description": "Día de Andalucía",
    "locale": "es-ES",
    "notes": "",
    "region": "AN",
    "type": "F"
  },
  {
    "date": "2019-03-01",
    "description": "Día de las Illes Balears",
    "locale": "es-ES",
    "notes": "",
    "region": "IB",
    "type": "F"
  },
  {
    "date": "2019-03-19",
    "description": "San José",
    "locale": "es-ES",
    "notes": "",
    "region": "GA",
    "type": "RF"
  },
  {
    "date": "2019-03-19",
    "description": "San José",
    "locale": "es-ES",
    "notes": "",
    "region": "MC",
    "type": "RF"
  },
  {
    "date": "2019-03-19",
    "description": "San José",
    "locale": "es-ES",
    "notes": "",
    "region": "NC",
    "type": "RF"
  },
  {
    "date": "2019-03-19",
    "description": "San José",
    "locale": "es-ES",
    "notes": "",
    "region": "PV",
    "type": "RF"
  },
  {
    "date": "2019-03-19",
    "description": "San José",
    "locale": "es-ES",
    "notes": "",
    "region": "VC",
    "type": "RF"
  },
  {
    "date": "2019-04-18",
    "description": "Jueves Santo",
    "locale": "es-ES",
    "notes": "",
    "region": "AN",
    "type": "RV"
  },
  {
    "date": "2019-04-18",
    "description": "Jueves Santo",
    "locale": "es-ES",
    "notes": "",
    "region": "AR",
    "type": "RV"
  },
  {
    "date": "2019-04-18",
    "description": "Jueves Santo",
    "locale": "es-ES",
    "notes": "",
    "region": "AS",
    "type": "RV"
  },
  {
    "date": "2019-04-18",
    "description": "Jueves Santo",
    "locale": "es-ES",
    "notes": "",
    "region": "CB",
    "type": "RV"
  },
  {
    "date": "2019-04-18",
    "description": "Jueves Santo",
    "locale": "es-ES",
    "notes": "",
    "region": "CE",
    "type": "RV"
  },
  {
    "date": "2019-04-18",
    "description": "Jueves Santo",
    "locale": "es-ES",
    "notes": "",
    "region": "CL",
    "type": "RV"
  },
  {
    "date": "2019-04-18",
    "description": "Jueves Santo",
    "locale": "es-ES",
    "notes": "",
    "region": "CM",
    "type": "RV"
  },
  {
    "date": "2019-04-18",
    "description": "Jueves Santo",
    "locale": "es-ES",
    "notes": "",
    "region": "CN",
    "type": "RV"
  },
  {
    "date": "2019-04-18",
    "description": "Jueves Santo",
    "locale": "es-ES",
    "notes": "",
    "region": "EX",
    "type": "RV"
  },
  {
    "date": "2019-04-18",
    "description": "Jueves Santo",
    "locale": "es-ES",
    "notes": "",
    "region": "GA",
    "type": "RV"
  },
  {
    "date": "2019-04-18",
    "description": "Jueves Santo",
    "locale": "es-ES",
    "notes": "",
    "region": "IB",
    "type": "RV"
  },
  {
    "date": "2019-04-18",
    "description": "Jueves Santo",
    "locale": "es-ES",
    "notes": "",
    "region": "MC",
    "type": "RV"
  },
  {
    "date": "2019-04-18",
    "description": "Jueves Santo",
    "locale": "es-ES",
    "notes": "",
    "region": "MD",
    "type": "RV"
  },
  {
    "date": "2019-04-18",
    "description": "Jueves Santo",
    "locale": "es-ES",
    "notes": "",
    "region": "ML",
    "type": "RV"
  },
  {
    "date": "2019-04-18",
    "description": "Jueves Santo",
    "locale": "es-ES",
    "notes": "",
    "region": "NC",
    "type": "RV"
  },
  {
    "date": "2019-04-18",
    "description": "Jueves Santo",
    "locale": "es-ES",
    "notes": "",
    "region": "PV",
    "type": "RV"
  },
  {
    "date": "2019-04-18",
    "description": "Jueves Santo",
    "locale": "es-ES",
    "notes": "",
    "region": "RI",
    "type": "RV"
  },
  {
    "date": "2019-04-19",
    "description": "Viernes Santo",
    "locale": "es-ES",
    "notes": "",
    "region": "",
    "type": "NRV"
  },
  {
    "date": "2019-04-21",
    "description": "Pascua",
    "locale": "es-ES",
    "notes": "",
    "region": "",
    "type": "NRV"
  },
  {
    "date": "2019-04-22",
    "description": "Lunes de Pascua",
    "locale": "es-ES",
    "notes": "",
    "region": "CB",
    "type": "RV"
  },
  {
    "date": "2019-04-22",
    "description": "Lunes de Pascua",
    "locale": "es-ES",
    "notes": "",
    "region": "CM",
    "type": "RV"
  },
  {
    "date": "2019-04-22",
    "description": "Lunes de Pascua",
    "locale": "es-ES",
    "notes": "",
    "region": "CT",
    "type": "RV"
  },
  {
    "date": "2019-04-22",
    "description": "Lunes de Pascua",
    "locale": "es-ES",
    "notes": "",
    "region": "IB",
    "type": "RV"
  },
  {
    "date": "2019-04-22",
    "description": "Lunes de Pascua",
    "locale": "es-ES",
    "notes": "",
    "region": "NC",
    "type": "RV"
  },
  {
    "date": "2019-04-22",
    "description": "Lunes de Pascua",
    "locale": "es-ES",
    "notes": "",
    "region": "PV",
    "type": "RV"
  },
  {
    "date": "2019-04-22",
    "description": "Lunes de Pascua",
    "locale": "es-ES",
    "notes": "",
    "region": "RI",
    "type": "RV"
  },
  {
    "date": "2019-04-22",
    "description": "Lunes de Pascua",
    "locale": "es-ES",
    "notes": "",
    "region": "VC",
    "type": "RV"
  },
  {
    "date": "2019-04-23",
    "description": "Fiesta de Castilla y León",
    "locale": "es-ES",
    "notes": "",
    "region": "CL",
    "type": "F"
  },
  {
    "date": "2019-04-23",
    "description": "San Jorge / Día de Aragón",
    "locale": "es-ES",
    "notes": "",
    "region": "AR",
    "type": "RF"
  },
  {
    "date": "2019-05-01",
    "description": "Fiesta del Trabajo",
    "locale": "es-ES",
    "notes": "",
    "region": "",
    "type": "NF"
  },
  {
    "date": "2019-05-02",
    "description": "Fiesta de la Comunidad de Madrid",
    "locale": "es-ES",
    "notes": "",
    "region": "MD",
    "type": "F"
  },
  {
    "date": "2019-05-17",
    "description": "Día de las Letras Gallegas",
    "locale": "es-ES",
    "notes": "",
    "region": "GA",
    "type": "F"
  },
  {
    "date": "2019-05-30",
    "description": "Día de Canarias",
    "locale": "es-ES",
    "notes": "",
    "region": "CN",
    "type": "F"
  },
  {
    "date": "2019-05-31",
    "description": "Día de Castilla-La Mancha",
    "locale": "es-ES",
    "notes": "",
    "region": "CM",
    "type": "F"
  },
  {
    "date": "2019-06-10",
    "description": "Día de La Rioja",
    "locale": "es-ES",
    "notes": "",
    "region": "RI",
    "type": "F"
  },
  {
    "date": "2019-06-10",
    "description": "Día de la Región de Murcia",
    "locale": "es-ES",
    "notes": "",
    "region": "MC",
    "type": "F"
  },
  {
    "date": "2019-06-20",
    "description": "Corpus Christi",
    "locale": "es-ES",
    "notes": "",
    "region": "CM",
    "type": "RV"
  },
  {
    "date": "2019-06-24",
    "description": "San Juan",
    "locale": "es-ES",
    "notes": "",
    "region": "CT",
    "type": "RF"
  },
  {
    "date": "2019-06-24",
    "description": "San Juan",
    "locale": "es-ES",
    "notes": "",
    "region": "VC",
    "type": "RF"
  },
  {
    "date": "2019-07-25",
    "description": "Santiago Apóstol",
    "locale": "es-ES",
    "notes": "",
    "region": "CB",
    "type": "RF"
  },
  {
    "date": "2019-07-25",
    "description": "Santiago Apóstol",
    "locale": "es-ES",
    "notes": "",
    "region": "PV",
    "type": "RF"
  },
  {
    "date": "2019-07-25",
    "description": "Santiago Apóstol / Día Nacional de Galicia",
    "locale": "es-ES",
    "notes": "",
    "region": "GA",
    "type": "RF"
  },
  {
    "date": "2019-08-12",
    "description": "Fiesta del Sacrificio (Aid El Kebir)",
    "locale": "es-ES",
    "notes": "",
    "region": "ML",
    "type": "RV"
  },
  {
    "date": "2019-08-12",
    "description": "Fiesta del Sacrificio (Eidul Adha)",
    "locale": "es-ES",
    "notes": "",
    "region": "CE",
    "type": "RV"
  },
  {
    "date": "2019-08-15",
    "description": "Asunción de la Virgen",
    "locale": "es-ES",
    "notes": "",
    "region": "",
    "type": "NRF"
  },
  {
    "date": "2019-09-02",
    "description": "Día de Ceuta",
    "locale": "es-ES",
    "notes": "",
    "region": "CE",
    "type": "F"
  },
  {
    "date": "2019-09-09",
    "description": "Lunes siguiente al Día de Asturias",
    "locale": "es-ES",
    "notes": "",
    "region": "AS",
    "type": "F"
  },
  {
    "date": "2019-09-09",
    "description": "Lunes siguiente al Día de Extremadura",
    "locale": "es-ES",
    "notes": "",
    "region": "EX",
    "type": "F"
  },
  {
    "date": "2019-09-11",
    "description": "Fiesta Nacional de Cataluña",
    "locale": "es-ES",
    "notes": "",
    "region": "CT",
    "type": "F"
  },
  {
    "date": "2019-10-09",
    "description": "Día de la Comunitat Valenciana",
    "locale": "es-ES",
    "notes": "",
    "region": "VC",
    "type": "F"
  },
  {
    "date": "2019-10-12",
    "description": "Fiesta Nacional de España",
    "locale": "es-ES",
    "notes": "",
    "region": "",
    "type": "NF"
  },
  {
    "date": "2019-11-01",
    "description": "Todos los Santos",
    "locale": "es-ES",
    "notes": "",
    "region": "",
    "type": "NRF"
  },
  {
    "date": "2019-12-06",
    "description": "Día de la Constitución Española",
    "locale": "es-ES",
    "notes": "",
    "region": "",
    "type": "NF"
  },
  {
    "date": "2019-12-08",
    "description": "Inmaculada Concepción",
    "locale": "es-ES",
    "notes": "",
    "region": "",
    "type": "NRF"
  },
  {
    "date": "2019-12-09",
    "description": "Lunes siguiente a La Inmaculada Concepción",
    "locale": "es-ES",
    "notes": "",
    "region": "AN",
    "type": "RF"
  },
  {
    "date": "2019-12-09",
    "description": "Lunes siguiente a La Inmaculada Concepción",
    "locale": "es-ES",
    "notes": "",
    "region": "AR",
    "type": "RF"
  },
  {
    "date": "2019-12-09",
    "description": "Lunes siguiente a La Inmaculada Concepción",
    "locale": "es-ES",
    "notes": "",
    "region": "AS",
    "type": "RF"
  },
  {
    "date": "2019-12-09",
    "description": "Lunes siguiente a La Inmaculada Concepción",
    "locale": "es-ES",
    "notes": "",
    "region": "CB",
    "type": "RF"
  },
  {
    "date": "2019-12-09",
    "description": "Lunes siguiente a La Inmaculada Concepción",
    "locale": "es-ES",
    "notes": "",
    "region": "CL",
    "type": "RF"
  },
  {
    "date": "2019-12-09",
    "description": "Lunes siguiente a La Inmaculada Concepción",
    "locale": "es-ES",
    "notes": "",
    "region": "EX",
    "type": "RF"
  },
  {
    "date": "2019-12-09",
    "description": "Lunes siguiente a La Inmaculada Concepción",
    "locale": "es-ES",
    "notes": "",
    "region": "MD",
    "type": "RF"
  },
  {
    "date": "2019-12-09",
    "description": "Lunes siguiente a La Inmaculada Concepción",
    "locale": "es-ES",
    "notes": "",
    "region": "ML",
    "type": "RF"
  },
  {
    "date": "2019-12-09",
    "description": "Lunes siguiente a La Inmaculada Concepción",
    "locale": "es-ES",
    "notes": "",
    "region": "RI",
    "type": "RF"
  },
  {
    "date": "2019-12-25",
    "description": "Natividad del Señor",
    "locale": "es-ES",
    "notes": "",
    "region": "",
    "type": "NRF"
  },
  {
    "date": "2019-12-26",
    "description": "San Esteban",
    "locale": "es-ES",
    "notes": "",
    "region": "CT",
    "type": "RF"
  },
  {
    "date": "2019-12-26",
    "description": "San Esteban",
    "locale": "es-ES",
    "notes": "",
    "region": "IB",
    "type": "RF"
  }
]
