[
  {
    "date": "2014-01-01",
    "description": "Nyårsdagen",
    "locale": "sv-FI",
    "notes": "",
    "region": "",
    "type": "NF"
  },
  {
    "date": "2014-01-06",
    "description": "Trettondedagen",
    "locale": "sv-FI",
    "notes": "",
    "region": "",
    "type": "NRF"
  },
  {
    "date": "2014-04-18",
    "description": "Långfredagen",
    "locale": "sv-FI",
    "notes": "",
    "region": "",
    "type": "NRV"
  },
  {
    "date": "2014-04-20",
    "description": "Påskdagen",
    "locale": "sv-FI",
    "notes": "",
    "region": "",
    "type": "NRV"
  },
  {
    "date": "2014-04-21",
    "description": "Annandag påsk",
    "locale": "sv-FI",
    "notes": "",
    "region": "",
    "type": "NRV"
  },
  {
    "date": "2014-05-01",
    "description": "Första maj",
    "locale": "sv-FI",
    "notes": "",
    "region": "",
    "type": "NF"
  },
  {
    "date": "2014-05-29",
    "description": "Kristi himmelfärdsdag",
    "locale": "sv-FI",
    "notes": "",
    "region": "",
    "type": "NRV"
  },
  {
    "date": "2014-06-08",
    "description": "Pingst",
    "locale": "sv-FI",
    "notes": "",
    "region": "",
    "type": "NRV"
  },
  {
    "date": "2014-06-21",
    "description": "Midsommardagen",
    "locale": "sv-FI",
    "notes": "",
    "region": "",
    "type": "NRV"
  },
  {
    "date": "2014-11-01",
    "description": "Alla helgons dag",
    "locale": "sv-FI",
    "notes": "",
    "region": "",
    "type": "NRV"
  },
  {
    "date": "2014-12-06",
    "description": "Självständighetsdagen",
    "locale": "sv-FI",
    "notes": "",
    "region": "",
    "type": "NF"
  },
  {
    "date": "2014-12-25",
    "description": "Juldagen",
    "locale": "sv-FI",
    "notes": "",
    "region": "",
    "type": "NRF"
  },
  {
    "date": "2014-12-26",
    "description": "Annandag jul",
    "locale": "sv-FI",
    "notes": "",
    "region": "",
    "type": "NRF"
  }
]
