[
  {
    "date": "2023-01-01",
    "description": "New Year's Day",
    "locale": "en-CA",
    "notes": "",
    "region": "",
    "type": "NF"
  },
  {
    "date": "2023-02-20",
    "description": "Family Day",
    "locale": "en-CA",
    "notes": "",
    "region": "AB",
    "type": "V"
  },
  {
    "date": "2023-02-20",
    "description": "Family Day",
    "locale": "en-CA",
    "notes": "",
    "region": "NB",
    "type": "V"
  },
  {
    "date": "2023-02-20",
    "description": "Family Day",
    "locale": "en-CA",
    "notes": "",
    "region": "ON",
    "type": "V"
  },
  {
    "date": "2023-02-20",
    "description": "Family Day",
    "locale": "en-CA",
    "notes": "",
    "region": "SK",
    "type": "V"
  },
  {
    "date": "2023-02-20",
    "description": "Islander Day",
    "locale": "en-CA",
    "notes": "",
    "region": "PE",
    "type": "V"
  },
  {
    "date": "2023-02-20",
    "description": "Louis Riel Day",
    "locale": "en-CA",
    "notes": "",
    "region": "MB",
    "type": "V"
  },
  {
    "date": "2023-04-07",
    "description": "Good Friday",
    "locale": "en-CA",
    "notes": "",
    "region": "",
    "type": "NRV"
  },
  {
    "date": "2023-04-10",
    "description": "Easter Monday",
    "locale": "en-CA",
    "notes": "",
    "region": "AB",
    "type": "RV"
  },
  {
    "date": "2023-04-10",
    "description": "Easter Monday",
    "locale": "en-CA",
    "notes": "",
    "region": "PE",
    "type": "RV"
  },
  {
    "date": "2023-04-10",
    "description": "Easter Monday",
    "locale": "en-CA",
    "notes": "",
    "region": "QC",
    "type": "RV"
  },
  {
    "date": "2023-05-22",
    "description": "National Patriots' Day",
    "locale": "en-CA",
    "notes": "",
    "region": "QC",
    "type": "V"
  },
  {
    "date": "2023-05-22",
    "description": "Victoria Day",
    "locale": "en-CA",
    "notes": "",
    "region": "AB",
    "type": "V"
  },
  {
    "date": "2023-05-22",
    "description": "Victoria Day",
    "locale": "en-CA",
    "notes": "",
    "region": "BC",
    "type": "V"
  },
  {
    "date": "2023-05-22",
    "description": "Victoria Day",
    "locale": "en-CA",
    "notes": "",
    "region": "MB",
    "type": "V"
  },
  {
    "date": "2023-05-22",
    "description": "Victoria Day",
    "locale": "en-CA",
    "notes": "",
    "region": "NS",
    "type": "V"
  },
  {
    "date": "2023-05-22",
    "description": "Victoria Day",
    "locale": "en-CA",
    "notes": "",
    "region": "NT",
    "type": "V"
  },
  {
    "date": "2023-05-22",
    "description": "Victoria Day",
    "locale": "en-CA",
    "notes": "",
    "region": "NU",
    "type": "V"
  },
  {
    "date": "2023-05-22",
    "description": "Victoria Day",
    "locale": "en-CA",
    "notes": "",
    "region": "ON",
    "type": "V"
  },
  {
    "date": "2023-05-22",
    "description": "Victoria Day",
    "locale": "en-CA",
    "notes": "",
    "region": "SK",
    "type": "V"
  },
  {
    "date": "2023-05-22",
    "description": "Victoria Day",
    "locale": "en-CA",
    "notes": "",
    "region": "YT",
    "type": "V"
  },
  {
    "date": "2023-06-24",
    "description": "National Holiday",
    "locale": "en-CA",
    "notes": "",
    "region": "QC",
    "type": "F"
  },
  {
    "date": "2023-07-01",
    "description": "Canada Day",
    "locale": "en-CA",
    "notes": "",
    "region": "",
    "type": "NF"
  },
  {
    "date": "2023-08-07",
    "description": "August Civic Holiday",
    "locale": "en-CA",
    "notes": "",
    "region": "NT",
    "type": "V"
  },
  {
    "date": "2023-08-07",
    "description": "August Civic Holiday",
    "locale": "en-CA",
    "notes": "",
    "region": "NU",
    "type": "V"
  },
  {
    "date": "2023-08-07",
    "description": "Heritage Day",
    "locale": "en-CA",
    "notes": "",
    "region": "AB",
    "type": "V"
  },
  {
    "date": "2023-08-07",
    "description": "Heritage Day",
    "locale": "en-CA",
    "notes": "",
    "region": "NS",
    "type": "V"
  },
  {
    "date": "2023-08-07",
    "description": "New Brunswick Day",
    "locale": "en-CA",
    "notes": "",
    "region": "NB",
    "type": "V"
  },
  {
    "date": "2023-08-07",
    "description": "Saskatchewan Day",
    "locale": "en-CA",
    "notes": "",
    "region": "SK",
    "type": "V"
  },
  {
    "date": "2023-09-04",
    "description": "Labour Day",
    "locale": "en-CA",
    "notes": "",
    "region": "",
    "type": "NV"
  },
  {
    "date": "2023-10-09",
    "description": "Thanksgiving Day",
    "locale": "en-CA",
    "notes": "",
    "region": "AB",
    "type": "V"
  },
  {
    "date": "2023-10-09",
    "description": "Thanksgiving Day",
    "locale": "en-CA",
    "notes": "",
    "region": "BC",
    "type": "V"
  },
  {
    "date": "2023-10-09",
    "description": "Thanksgiving Day",
    "locale": "en-CA",
    "notes": "",
    "region": "MB",
    "type": "V"
  },
  {
    "date": "2023-10-09",
    "description": "Thanksgiving Day",
    "locale": "en-CA",
    "notes": "",
    "region": "NL",
    "type": "V"
  },
  {
    "date": "2023-10-09",
    "description": "Thanksgiving Day",
    "locale": "en-CA",
    "notes": "",
    "region": "NT",
    "type": "V"
  },
  {
    "date": "2023-10-09",
    "description": "Thanksgiving Day",
    "locale": "en-CA",
    "notes": "",
    "region": "NU",
    "type": "V"
  },
  {
    "date": "2023-10-09",
    "description": "Thanksgiving Day",
    "locale": "en-CA",
    "notes": "",
    "region": "ON",
    "type": "V"
  },
  {
    "date": "2023-10-09",
    "description": "Thanksgiving Day",
    "locale": "en-CA",
    "notes": "",
    "region": "QC",
    "type": "V"
  },
  {
    "date": "2023-10-09",
    "description": "Thanksgiving Day",
    "locale": "en-CA",
    "notes": "",
    "region": "SK",
    "type": "V"
  },
  {
    "date": "2023-10-09",
    "description": "Thanksgiving Day",
    "locale": "en-CA",
    "notes": "",
    "region": "YT",
    "type": "V"
  },
  {
    "date": "2023-11-11",
    "description": "Remembrance Day",
    "locale": "en-CA",
    "notes": "",
    "region": "AB",
    "type": "F"
  },
  {
    "date": "2023-11-11",
    "description": "Remembrance Day",
    "locale": "en-CA",
    "notes": "",
    "region": "BC",
    "type": "F"
  },
  {
    "date": "2023-11-11",
    "description": "Remembrance Day",
    "locale": "en-CA",
    "notes": "",
    "region": "NB",
    "type": "F"
  },
  {
    "date": "2023-11-11",
    "description": "Remembrance Day",
    "locale": "en-CA",
    "notes": "",
    "region": "NL",
    "type": "F"
  },
  {
    "date": "2023-11-11",
    "description": "Remembrance Day",
    "locale": "en-CA",
    "notes": "",
    "region": "NT",
    "type": "F"
  },
  {
    "date": "2023-12-25",
    "description": "Christmas Day",
    "locale": "en-CA",
    "notes": "",
    "region": "",
    "type": "NRF"
  },
  {
    "date": "2023-12-26",
    "description": "Boxing Day",
    "locale": "en-CA",
    "notes": "",
    "region": "",
    "type": "NRF"
  }
]
