[
  {
    "date": "2022-01-01",
    "description": "New Year's Day",
    "locale": "en-NZ",
    "notes": "",
    "region": "",
    "type": "NF"
  },
  {
    "date": "2022-01-03",
    "description": "New Year's Day (observed)",
    "locale": "en-NZ",
    "notes": "",
    "region": "",
    "type": "NV"
  },
  {
    "date": "2022-01-04",
    "description": "Day after New Year's Day",
    "locale": "en-NZ",
    "notes": "",
    "region": "",
    "type": "NV"
  },
  {
    "date": "2022-02-06",
    "description": "Waitangi Day",
    "locale": "en-NZ",
    "notes": "",
    "region": "",
    "type": "NF"
  },
  {
    "date": "2022-02-07",
    "description": "Waitangi Day (observed)",
    "locale": "en-NZ",
    "notes": "",
    "region": "",
    "type": "NV"
  },
  {
    "date": "2022-04-15",
    "description": "Good Friday",
    "locale": "en-NZ",
    "notes": "",
    "region": "",
    "type": "NRV"
  },
  {
    "date": "2022-04-18",
    "description": "Easter Monday",
    "locale": "en-NZ",
    "notes": "",
    "region": "",
    "type": "NRV"
  },
  {
    "date": "2022-04-25",
    "description": "ANZAC Day",
    "locale": "en-NZ",
    "notes": "",
    "region": "",
    "type": "NF"
  },
  {
    "date": "2022-06-06",
    "description": "Queen's Birthday",
    "locale": "en-NZ",
    "notes": "",
    "region": "",
    "type": "NV"
  },
  {
    "date": "2022-10-24",
    "description": "Labour Day",
    "locale": "en-NZ",
    "notes": "",
    "region": "",
    "type": "NV"
  },
  {
    "date": "2022-12-25",
    "description": "Christmas Day",
    "locale": "en-NZ",
    "notes": "",
    "region": "",
    "type": "NRF"
  },
  {
    "date": "2022-12-26",
    "description": "Boxing Day",
    "locale": "en-NZ",
    "notes": "",
    "region": "",
    "type": "NF"
  },
  {
    "date": "2022-12-27",
    "description": "Christmas Day (observed)",
    "locale": "en-NZ",
    "notes": "",
    "region": "",
    "type": "NV"
  }
]
