[
  {
    "date": "2011-01-01",
    "description": "Nieuwjaar",
    "locale": "nl-BE",
    "notes": "",
    "region": "",
    "type": "NF"
  },
  {
    "date": "2011-04-24",
    "description": "Pasen",
    "locale": "nl-BE",
    "notes": "",
    "region": "",
    "type": "NRV"
  },
  {
    "date": "2011-04-25",
    "description": "Paasmaandag",
    "locale": "nl-BE",
    "notes": "",
    "region": "",
    "type": "NRV"
  },
  {
    "date": "2011-05-01",
    "description": "Dag van de arbeid",
    "locale": "nl-BE",
    "notes": "",
    "region": "",
    "type": "NF"
  },
  {
    "date": "2011-06-02",
    "description": "Onze Lieve Heer hemelvaart",
    "locale": "nl-BE",
    "notes": "",
    "region": "",
    "type": "NRV"
  },
  {
    "date": "2011-06-12",
    "description": "Pinksteren",
    "locale": "nl-BE",
    "notes": "",
    "region": "",
    "type": "NRV"
  },
  {
    "date": "2011-06-13",
    "description": "Pinkstermaandag",
    "locale": "nl-BE",
    "notes": "",
    "region": "",
    "type": "NRV"
  },
  {
    "date": "2011-07-21",
    "description": "Nationale feestdag",
    "locale": "nl-BE",
    "notes": "",
    "region": "",
    "type": "NF"
  },
  {
    "date": "2011-08-15",
    "description": "Onze Lieve Vrouw hemelvaart",
    "locale": "nl-BE",
    "notes": "",
    "region": "",
    "type": "NRF"
  },
  {
    "date": "2011-11-01",
    "description": "Allerheiligen",
    "locale": "nl-BE",
    "notes": "",
    "region": "",
    "type": "NRF"
  },
  {
    "date": "2011-11-11",
    "description": "Wapenstilstand",
    "locale": "nl-BE",
    "notes": "",
    "region": "",
    "type": "NF"
  },
  {
    "date": "2011-12-25",
    "description": "Kerstmis",
    "locale": "nl-BE",
    "notes": "",
    "region": "",
    "type": "NRF"
  }
]
