[
  {
    "date": "2023-01-01",
    "description": "Nýársdagur",
    "locale": "is-IS",
    "notes": "",
    "region": "",
    "type": "NRF"
  },
  {
    "date": "2023-04-06",
    "description": "Skírdagur",
    "locale": "is-IS",
    "notes": "",
    "region": "",
    "type": "NRV"
  },
  {
    "date": "2023-04-07",
    "description": "Föstudagurinn langi",
    "locale": "is-IS",
    "notes": "",
    "region": "",
    "type": "NRV"
  },
  {
    "date": "2023-04-09",
    "description": "Páskadagur",
    "locale": "is-IS",
    "notes": "",
    "region": "",
    "type": "NRV"
  },
  {
    "date": "2023-04-10",
    "description": "Annar dagur páska",
    "locale": "is-IS",
    "notes": "",
    "region": "",
    "type": "NRV"
  },
  {
    "date": "2023-04-20",
    "description": "Sumardagurinn fyrsti",
    "locale": "is-IS",
    "notes": "",
    "region": "",
    "type": "NV"
  },
  {
    "date": "2023-05-01",
    "description": "Verkalýðsdagurinn",
    "locale": "is-IS",
    "notes": "",
    "region": "",
    "type": "NF"
  },
  {
    "date": "2023-05-18",
    "description": "Uppstigningardagur",
    "locale": "is-IS",
    "notes": "",
    "region": "",
    "type": "NRV"
  },
  {
    "date": "2023-05-28",
    "description": "Hvítasunnudagur",
    "locale": "is-IS",
    "notes": "",
    "region": "",
    "type": "NRV"
  },
  {
    "date": "2023-05-29",
    "description": "Annar dagur hvítasunnu",
    "locale": "is-IS",
    "notes": "",
    "region": "",
    "type": "NRV"
  },
  {
    "date": "2023-06-17",
    "description": "Þjóðhátíðardagurinn",
    "locale": "is-IS",
    "notes": "",
    "region": "",
    "type": "NF"
  },
  {
    "date": "2023-08-07",
    "description": "Frídagur verslunarmanna",
    "locale": "is-IS",
    "notes": "",
    "region": "",
    "type": "NV"
  },
  {
    "date": "2023-12-24",
    "description": "Aðfangadagur jóla",
    "locale": "is-IS",
    "notes": "Holiday from 13:00",
    "region": "",
    "type": "NRF"
  },
  {
    "date": "2023-12-25",
    "description": "Jóladagur",
    "locale": "is-IS",
    "notes": "",
    "region": "",
    "type": "NRF"
  },
  {
    "date": "2023-12-26",
    "description": "Annar dagur jóla",
    "locale": "is-IS",
    "notes": "",
    "region": "",
    "type": "NRF"
  },
  {
    "date": "2023-12-31",
    "description": "Gamlársdagur",
    "locale": "is-IS",
    "notes": "Holiday from 13:00",
    "region": "",
    "type": "NF"
  }
]
