[
  {
    "date": "2018-01-01",
    "description": "Nieuwjaarsdag",
    "locale": "nl-NL",
    "notes": "",
    "region": "",
    "type": "NF"
  },
  {
    "date": "2018-03-30",
    "description": "Goede Vrijdag",
    "locale": "nl-NL",
    "notes": "",
    "region": "",
    "type": "NRV"
  },
  {
    "date": "2018-04-01",
    "description": "Eerste Paasdag",
    "locale": "nl-NL",
    "notes": "",
    "region": "",
    "type": "NRV"
  },
  {
    "date": "2018-04-02",
    "description": "Tweede Paasdag",
    "locale": "nl-NL",
    "notes": "",
    "region": "",
    "type": "NRV"
  },
  {
    "date": "2018-04-27",
    "description": "Koningsdag",
    "locale": "nl-NL",
    "notes": "",
    "region": "",
    "type": "NV"
  },
  {
    "date": "2018-05-04",
    "description": "Dodenherdenking",
    "locale": "nl-NL",
    "notes": "",
    "region": "",
    "type": "NF"
  },
  {
    "date": "2018-05-05",
    "description": "Bevrijdingsdag",
    "locale": "nl-NL",
    "notes": "",
    "region": "",
    "type": "NF"
  },
  {
    "date": "2018-05-10",
    "description": "Hemelvaartsdag",
    "locale": "nl-NL",
    "notes": "",
    "region": "",
    "type": "NRV"
  },
  {
    "date": "2018-05-20",
    "description": "Eerste Pinksterdag",
    "locale": "nl-NL",
    "notes": "",
    "region": "",
    "type": "NRV"
  },
  {
    "date": "2018-05-21",
    "description": "Tweede Pinksterdag",
    "locale": "nl-NL",
    "notes": "",
    "region": "",
    "type": "NRV"
  },
  {
    "date": "2018-12-05",
    "description": "Sinterklaas",
    "locale": "nl-NL",
    "notes": "",
    "region": "",
    "type": "NRF"
  },
  {
    "date": "2018-12-15",
    "description": "Koninkrijksdag",
    "locale": "nl-NL",
    "notes": "",
    "region": "",
    "type": "NV"
  },
  {
    "date": "2018-12-25",
    "description": "Eerste Kerstdag",
    "locale": "nl-NL",
    "notes": "",
    "region": "",
    "type": "NRF"
  },
  {
    "date": "2018-12-26",
    "description": "Tweede Kerstdag",
    "locale": "nl-NL",
    "notes": "",
    "region": "",
    "type": "NRF"
  }
]
