[
  {
    "date": "2019-01-01",
    "description": "New Year's Day",
    "locale": "en-AU",
    "notes": "",
    "region": "ACT",
    "type": "F"
  },
  {
    "date": "2019-01-01",
    "description": "New Year's Day",
    "locale": "en-AU",
    "notes": "",
    "region": "NSW",
    "type": "F"
  },
  {
    "date": "2019-01-01",
    "description": "New Year's Day",
    "locale": "en-AU",
    "notes": "",
    "region": "NT",
    "type": "F"
  },
  {
    "date": "2019-01-01",
    "description": "New Year's Day",
    "locale": "en-AU",
    "notes": "",
    "region": "QLD",
    "type": "F"
  },
  {
    "date": "2019-01-01",
    "description": "New Year's Day",
    "locale": "en-AU",
    "notes": "",
    "region": "SA",
    "type": "F"
  },
  {
    "date": "2019-01-01",
    "description": "New Year's Day",
    "locale": "en-AU",
    "notes": "",
    "region": "TAS",
    "type": "F"
  },
  {
    "date": "2019-01-01",
    "description": "New Year's Day",
    "locale": "en-AU",
    "notes": "",
    "region": "VIC",
    "type": "F"
  },
  {
    "date": "2019-01-01",
    "description": "New Year's Day",
    "locale": "en-AU",
    "notes": "",
    "region": "WA",
    "type": "F"
  },
  {
    "date": "2019-01-26",
    "description": "Australia Day",
    "locale": "en-AU",
    "notes": "",
    "region": "ACT",
    "type": "V"
  },
  {
    "date": "2019-01-26",
    "description": "Australia Day",
    "locale": "en-AU",
    "notes": "",
    "region": "NSW",
    "type": "V"
  },
  {
    "date": "2019-01-26",
    "description": "Australia Day",
    "locale": "en-AU",
    "notes": "",
    "region": "NT",
    "type": "V"
  },
  {
    "date": "2019-01-26",
    "description": "Australia Day",
    "locale": "en-AU",
    "notes": "",
    "region": "QLD",
    "type": "V"
  },
  {
    "date": "2019-01-26",
    "description": "Australia Day",
    "locale": "en-AU",
    "notes": "",
    "region": "SA",
    "type": "V"
  },
  {
    "date": "2019-01-26",
    "description": "Australia Day",
    "locale": "en-AU",
    "notes": "",
    "region": "TAS",
    "type": "V"
  },
  {
    "date": "2019-01-26",
    "description": "Australia Day",
    "locale": "en-AU",
    "notes": "",
    "region": "VIC",
    "type": "V"
  },
  {
    "date": "2019-01-26",
    "description": "Australia Day",
    "locale": "en-AU",
    "notes": "",
    "region": "WA",
    "type": "V"
  },
  {
    "date": "2019-02-11",
    "description": "Royal Hobart Regatta",
    "locale": "en-AU",
    "notes": "",
    "region": "TAS",
    "type": "V"
  },
  {
    "date": "2019-03-11",
    "description": "Adelaide Cup Day",
    "locale": "en-AU",
    "notes": "",
    "region": "SA",
    "type": "V"
  },
  {
    "date": "2019-03-11",
    "description": "Canberra Day",
    "locale": "en-AU",
    "notes": "",
    "region": "ACT",
    "type": "V"
  },
  {
    "date": "2019-03-11",
    "description": "Labour Day",
    "locale": "en-AU",
    "notes": "",
    "region": "TAS",
    "type": "V"
  },
  {
    "date": "2019-03-11",
    "description": "Labour Day",
    "locale": "en-AU",
    "notes": "",
    "region": "VIC",
    "type": "V"
  },
  {
    "date": "2019-04-19",
    "description": "Good Friday",
    "locale": "en-AU",
    "notes": "",
    "region": "ACT",
    "type": "RV"
  },
  {
    "date": "2019-04-19",
    "description": "Good Friday",
    "locale": "en-AU",
    "notes": "",
    "region": "NSW",
    "type": "RV"
  },
  {
    "date": "2019-04-19",
    "description": "Good Friday",
    "locale": "en-AU",
    "notes": "",
    "region": "NT",
    "type": "RV"
  },
  {
    "date": "2019-04-19",
    "description": "Good Friday",
    "locale": "en-AU",
    "notes": "",
    "region": "QLD",
    "type": "RV"
  },
  {
    "date": "2019-04-19",
    "description": "Good Friday",
    "locale": "en-AU",
    "notes": "",
    "region": "SA",
    "type": "RV"
  },
  {
    "date": "2019-04-19",
    "description": "Good Friday",
    "locale": "en-AU",
    "notes": "",
    "region": "TAS",
    "type": "RV"
  },
  {
    "date": "2019-04-19",
    "description": "Good Friday",
    "locale": "en-AU",
    "notes": "",
    "region": "VIC",
    "type": "RV"
  },
  {
    "date": "2019-04-19",
    "description": "Good Friday",
    "locale": "en-AU",
    "notes": "",
    "region": "WA",
    "type": "RV"
  },
  {
    "date": "2019-04-20",
    "description": "Easter Saturday",
    "locale": "en-AU",
    "notes": "",
    "region": "ACT",
    "type": "RV"
  },
  {
    "date": "2019-04-20",
    "description": "Easter Saturday",
    "locale": "en-AU",
    "notes": "",
    "region": "NSW",
    "type": "RV"
  },
  {
    "date": "2019-04-20",
    "description": "Easter Saturday",
    "locale": "en-AU",
    "notes": "",
    "region": "NT",
    "type": "RV"
  },
  {
    "date": "2019-04-20",
    "description": "Easter Saturday",
    "locale": "en-AU",
    "notes": "",
    "region": "QLD",
    "type": "RV"
  },
  {
    "date": "2019-04-20",
    "description": "Easter Saturday",
    "locale": "en-AU",
    "notes": "",
    "region": "SA",
    "type": "RV"
  },
  {
    "date": "2019-04-20",
    "description": "Easter Saturday",
    "locale": "en-AU",
    "notes": "",
    "region": "VIC",
    "type": "RV"
  },
  {
    "date": "2019-04-21",
    "description": "Easter",
    "locale": "en-AU",
    "notes": "",
    "region": "ACT",
    "type": "RV"
  },
  {
    "date": "2019-04-21",
    "description": "Easter",
    "locale": "en-AU",
    "notes": "",
    "region": "NSW",
    "type": "RV"
  },
  {
    "date": "2019-04-21",
    "description": "Easter",
    "locale": "en-AU",
    "notes": "",
    "region": "NT",
    "type": "RV"
  },
  {
    "date": "2019-04-21",
    "description": "Easter",
    "locale": "en-AU",
    "notes": "",
    "region": "QLD",
    "type": "RV"
  },
  {
    "date": "2019-04-21",
    "description": "Easter",
    "locale": "en-AU",
    "notes": "",
    "region": "SA",
    "type": "RV"
  },
  {
    "date": "2019-04-21",
    "description": "Easter",
    "locale": "en-AU",
    "notes": "",
    "region": "VIC",
    "type": "RV"
  },
  {
    "date": "2019-04-22",
    "description": "Easter Monday",
    "locale": "en-AU",
    "notes": "",
    "region": "ACT",
    "type": "RV"
  },
  {
    "date": "2019-04-22",
    "description": "Easter Monday",
    "locale": "en-AU",
    "notes": "",
    "region": "NSW",
    "type": "RV"
  },
  {
    "date": "2019-04-22",
    "description": "Easter Monday",
    "locale": "en-AU",
    "notes": "",
    "region": "NT",
    "type": "RV"
  },
  {
    "date": "2019-04-22",
    "description": "Easter Monday",
    "locale": "en-AU",
    "notes": "",
    "region": "QLD",
    "type": "RV"
  },
  {
    "date": "2019-04-22",
    "description": "Easter Monday",
    "locale": "en-AU",
    "notes": "",
    "region": "SA",
    "type": "RV"
  },
  {
    "date": "2019-04-22",
    "description": "Easter Monday",
    "locale": "en-AU",
    "notes": "",
    "region": "TAS",
    "type": "RV"
  },
  {
    "date": "2019-04-22",
    "description": "Easter Monday",
    "locale": "en-AU",
    "notes": "",
    "region": "VIC",
    "type": "RV"
  },
  {
    "date": "2019-04-22",
    "description": "Easter Monday",
    "locale": "en-AU",
    "notes": "",
    "region": "WA",
    "type": "RV"
  },
  {
    "date": "2019-04-25",
    "description": "Anzac Day",
    "locale": "en-AU",
    "notes": "",
    "region": "ACT",
    "type": "V"
  },
  {
    "date": "2019-04-25",
    "description": "Anzac Day",
    "locale": "en-AU",
    "notes": "",
    "region": "NSW",
    "type": "F"
  },
  {
    "date": "2019-04-25",
    "description": "Anzac Day",
    "locale": "en-AU",
    "notes": "",
    "region": "NT",
    "type": "V"
  },
  {
    "date": "2019-04-25",
    "description": "Anzac Day",
    "locale": "en-AU",
    "notes": "",
    "region": "QLD",
    "type": "V"
  },
  {
    "date": "2019-04-25",
    "description": "Anzac Day",
    "locale": "en-AU",
    "notes": "",
    "region": "SA",
    "type": "F"
  },
  {
    "date": "2019-04-25",
    "description": "Anzac Day",
    "locale": "en-AU",
    "notes": "",
    "region": "TAS",
    "type": "F"
  },
  {
    "date": "2019-04-25",
    "description": "Anzac Day",
    "locale": "en-AU",
    "notes": "",
    "region": "VIC",
    "type": "F"
  },
  {
    "date": "2019-04-25",
    "description": "Anzac Day",
    "locale": "en-AU",
    "notes": "",
    "region": "WA",
    "type": "F"
  },
  {
    "date": "2019-05-06",
    "description": "Labour Day",
    "locale": "en-AU",
    "notes": "",
    "region": "QLD",
    "type": "V"
  },
  {
    "date": "2019-05-06",
    "description": "Labour Day",
    "locale": "en-AU",
    "notes": "",
    "region": "WA",
    "type": "V"
  },
  {
    "date": "2019-05-06",
    "description": "May Day",
    "locale": "en-AU",
    "notes": "",
    "region": "NT",
    "type": "V"
  },
  {
    "date": "2019-05-27",
    "description": "Reconciliation Day",
    "locale": "en-AU",
    "notes": "",
    "region": "ACT",
    "type": "V"
  },
  {
    "date": "2019-06-03",
    "description": "Western Australia Day",
    "locale": "en-AU",
    "notes": "",
    "region": "WA",
    "type": "V"
  },
  {
    "date": "2019-06-10",
    "description": "Queen's Birthday",
    "locale": "en-AU",
    "notes": "",
    "region": "ACT",
    "type": "V"
  },
  {
    "date": "2019-06-10",
    "description": "Queen's Birthday",
    "locale": "en-AU",
    "notes": "",
    "region": "NSW",
    "type": "V"
  },
  {
    "date": "2019-06-10",
    "description": "Queen's Birthday",
    "locale": "en-AU",
    "notes": "",
    "region": "TAS",
    "type": "V"
  },
  {
    "date": "2019-06-10",
    "description": "Queen's Birthday",
    "locale": "en-AU",
    "notes": "",
    "region": "VIC",
    "type": "V"
  },
  {
    "date": "2019-08-05",
    "description": "Bank Holiday",
    "locale": "en-AU",
    "notes": "",
    "region": "ACT",
    "type": "V"
  },
  {
    "date": "2019-08-05",
    "description": "Picnic Day",
    "locale": "en-AU",
    "notes": "",
    "region": "NT",
    "type": "V"
  },
  {
    "date": "2019-09-27",
    "description": "Grand Final Eve",
    "locale": "en-AU",
    "notes": "",
    "region": "VIC",
    "type": "V"
  },
  {
    "date": "2019-09-30",
    "description": "Queen's Birthday",
    "locale": "en-AU",
    "notes": "",
    "region": "WA",
    "type": "V"
  },
  {
    "date": "2019-10-07",
    "description": "Labour Day",
    "locale": "en-AU",
    "notes": "",
    "region": "ACT",
    "type": "V"
  },
  {
    "date": "2019-10-07",
    "description": "Labour Day",
    "locale": "en-AU",
    "notes": "",
    "region": "NSW",
    "type": "V"
  },
  {
    "date": "2019-10-07",
    "description": "Labour Day",
    "locale": "en-AU",
    "notes": "",
    "region": "SA",
    "type": "V"
  },
  {
    "date": "2019-10-07",
    "description": "Queen's Birthday",
    "locale": "en-AU",
    "notes": "",
    "region": "QLD",
    "type": "V"
  },
  {
    "date": "2019-11-05",
    "description": "Melbourne Cup Day",
    "locale": "en-AU",
    "notes": "",
    "region": "VIC",
    "type": "V"
  },
  {
    "date": "2019-12-25",
    "description": "Christmas Day",
    "locale": "en-AU",
    "notes": "",
    "region": "ACT",
    "type": "RF"
  },
  {
    "date": "2019-12-25",
    "description": "Christmas Day",
    "locale": "en-AU",
    "notes": "",
    "region": "NSW",
    "type": "RF"
  },
  {
    "date": "2019-12-25",
    "description": "Christmas Day",
    "locale": "en-AU",
    "notes": "",
    "region": "NT",
    "type": "RF"
  },
  {
    "date": "2019-12-25",
    "description": "Christmas Day",
    "locale": "en-AU",
    "notes": "",
    "region": "QLD",
    "type": "RF"
  },
  {
    "date": "2019-12-25",
    "description": "Christmas Day",
    "locale": "en-AU",
    "notes": "",
    "region": "SA",
    "type": "RF"
  },
  {
    "date": "2019-12-25",
    "description": "Christmas Day",
    "locale": "en-AU",
    "notes": "",
    "region": "TAS",
    "type": "RF"
  },
  {
    "date": "2019-12-25",
    "description": "Christmas Day",
    "locale": "en-AU",
    "notes": "",
    "region": "VIC",
    "type": "RF"
  },
  {
    "date": "2019-12-25",
    "description": "Christmas Day",
    "locale": "en-AU",
    "notes": "",
    "region": "WA",
    "type": "RF"
  },
  {
    "date": "2019-12-26",
    "description": "Boxing Day",
    "locale": "en-AU",
    "notes": "",
    "region": "ACT",
    "type": "RF"
  },
  {
    "date": "2019-12-26",
    "description": "Boxing Day",
    "locale": "en-AU",
    "notes": "",
    "region": "NSW",
    "type": "RF"
  },
  {
    "date": "2019-12-26",
    "description": "Boxing Day",
    "locale": "en-AU",
    "notes": "",
    "region": "NT",
    "type": "RF"
  },
  {
    "date": "2019-12-26",
    "description": "Boxing Day",
    "locale": "en-AU",
    "notes": "",
    "region": "QLD",
    "type": "RF"
  },
  {
    "date": "2019-12-26",
    "description": "Boxing Day",
    "locale": "en-AU",
    "notes": "",
    "region": "TAS",
    "type": "RF"
  },
  {
    "date": "2019-12-26",
    "description": "Boxing Day",
    "locale": "en-AU",
    "notes": "",
    "region": "VIC",
    "type": "RF"
  },
  {
    "date": "2019-12-26",
    "description": "Boxing Day",
    "locale": "en-AU",
    "notes": "",
    "region": "WA",
    "type": "RF"
  }
]
