[
  {
    "date": "2016-01-01",
    "description": "Año Nuevo",
    "locale": "es-CO",
    "notes": "",
    "region": "",
    "type": "NF"
  },
  {
    "date": "2016-01-11",
    "description": "Día de los Reyes Magos",
    "locale": "es-CO",
    "notes": "",
    "region": "",
    "type": "NRV"
  },
  {
    "date": "2016-03-21",
    "description": "Día de San José",
    "locale": "es-CO",
    "notes": "",
    "region": "",
    "type": "NRV"
  },
  {
    "date": "2016-03-24",
    "description": "Jueves Santo",
    "locale": "es-CO",
    "notes": "",
    "region": "",
    "type": "NRV"
  },
  {
    "date": "2016-03-25",
    "description": "Viernes Santo",
    "locale": "es-CO",
    "notes": "",
    "region": "",
    "type": "NRV"
  },
  {
    "date": "2016-03-27",
    "description": "Domingo de Pascua",
    "locale": "es-CO",
    "notes": "",
    "region": "",
    "type": "NRV"
  },
  {
    "date": "2016-05-01",
    "description": "Día del Trabajo",
    "locale": "es-CO",
    "notes": "",
    "region": "",
    "type": "NF"
  },
  {
    "date": "2016-05-09",
    "description": "La Ascensión del Señor",
    "locale": "es-CO",
    "notes": "",
    "region": "",
    "type": "NRV"
  },
  {
    "date": "2016-05-30",
    "description": "Corpus Christi",
    "locale": "es-CO",
    "notes": "",
    "region": "",
    "type": "NRV"
  },
  {
    "date": "2016-06-06",
    "description": "El Sagrado Corazón de Jesús",
    "locale": "es-CO",
    "notes": "",
    "region": "",
    "type": "NRV"
  },
  {
    "date": "2016-07-04",
    "description": "San Pedro y San Pablo",
    "locale": "es-CO",
    "notes": "",
    "region": "",
    "type": "NRV"
  },
  {
    "date": "2016-07-20",
    "description": "Grito de Independencia",
    "locale": "es-CO",
    "notes": "",
    "region": "",
    "type": "NF"
  },
  {
    "date": "2016-08-07",
    "description": "Batalla de Boyacá",
    "locale": "es-CO",
    "notes": "",
    "region": "",
    "type": "NF"
  },
  {
    "date": "2016-08-15",
    "description": "Asunción de la Virgen",
    "locale": "es-CO",
    "notes": "",
    "region": "",
    "type": "NRV"
  },
  {
    "date": "2016-10-17",
    "description": "Día de la Raza",
    "locale": "es-CO",
    "notes": "",
    "region": "",
    "type": "NV"
  },
  {
    "date": "2016-11-07",
    "description": "Todos los Santos",
    "locale": "es-CO",
    "notes": "",
    "region": "",
    "type": "NRV"
  },
  {
    "date": "2016-11-14",
    "description": "Independencia de Cartagena",
    "locale": "es-CO",
    "notes": "",
    "region": "",
    "type": "NV"
  },
  {
    "date": "2016-12-08",
    "description": "Inmaculada Concepción",
    "locale": "es-CO",
    "notes": "",
    "region": "",
    "type": "NRF"
  },
  {
    "date": "2016-12-25",
    "description": "Navidad",
    "locale": "es-CO",
    "notes": "",
    "region": "",
    "type": "NRF"
  }
]
